Archive member included to satisfy reference by file (symbol)

C:/Users/steph/OneDrive/Documents/Development/devkitPro/libctru/lib\libctru.a(console.o)
                              main.o (consoleInit)
C:/Users/steph/OneDrive/Documents/Development/devkitPro/libctru/lib\libctru.a(gfx.o)
                              C:/Users/steph/OneDrive/Documents/Development/devkitPro/libctru/lib\libctru.a(console.o) (gfxIsWide)
C:/Users/steph/OneDrive/Documents/Development/devkitPro/libctru/lib\libctru.a(gspgpu.o)
                              C:/Users/steph/OneDrive/Documents/Development/devkitPro/libctru/lib\libctru.a(gfx.o) (gspInit)
C:/Users/steph/OneDrive/Documents/Development/devkitPro/libctru/lib\libctru.a(hid.o)
                              main.o (hidScanInput)
C:/Users/steph/OneDrive/Documents/Development/devkitPro/libctru/lib\libctru.a(am.o)
                              main.o (amInit)
C:/Users/steph/OneDrive/Documents/Development/devkitPro/libctru/lib\libctru.a(apt.o)
                              main.o (aptSetChainloader)
C:/Users/steph/OneDrive/Documents/Development/devkitPro/libctru/lib\libctru.a(utf8_to_utf16.o)
                              C:/Users/steph/OneDrive/Documents/Development/devkitPro/libctru/lib\libctru.a(am.o) (utf8_to_utf16)
C:/Users/steph/OneDrive/Documents/Development/devkitPro/libctru/lib\libctru.a(decode_utf8.o)
                              C:/Users/steph/OneDrive/Documents/Development/devkitPro/libctru/lib\libctru.a(utf8_to_utf16.o) (decode_utf8)
C:/Users/steph/OneDrive/Documents/Development/devkitPro/libctru/lib\libctru.a(ctru_init.o)
                              C:/Users/steph/OneDrive/Documents/Development/devkitPro/libctru/lib\libctru.a(apt.o) (__system_retAddr)
C:/Users/steph/OneDrive/Documents/Development/devkitPro/libctru/lib\libctru.a(initArgv.o)
                              C:/Users/steph/OneDrive/Documents/Development/devkitPro/libctru/lib\libctru.a(ctru_init.o) (__system_initArgv)
C:/Users/steph/OneDrive/Documents/Development/devkitPro/libctru/lib\libctru.a(svc.o)
                              C:/Users/steph/OneDrive/Documents/Development/devkitPro/libctru/lib\libctru.a(apt.o) (svcSleepThread)
C:/Users/steph/OneDrive/Documents/Development/devkitPro/libctru/lib\libctru.a(stack_adjust.o)
                              C:/Users/steph/OneDrive/Documents/Development/devkitPro/devkitARM/bin/../lib/gcc/arm-none-eabi/13.1.0/../../../../arm-none-eabi/lib/armv6k/fpu/3dsx_crt0.o (initSystem)
C:/Users/steph/OneDrive/Documents/Development/devkitPro/libctru/lib\libctru.a(default_font.bin.o)
                              C:/Users/steph/OneDrive/Documents/Development/devkitPro/libctru/lib\libctru.a(console.o) (default_font_bin)
C:/Users/steph/OneDrive/Documents/Development/devkitPro/libctru/lib\libctru.a(vram.o)
                              C:/Users/steph/OneDrive/Documents/Development/devkitPro/libctru/lib\libctru.a(gfx.o) (vramAlloc)
C:/Users/steph/OneDrive/Documents/Development/devkitPro/libctru/lib\libctru.a(linear.o)
                              C:/Users/steph/OneDrive/Documents/Development/devkitPro/libctru/lib\libctru.a(gfx.o) (linearAlloc)
C:/Users/steph/OneDrive/Documents/Development/devkitPro/libctru/lib\libctru.a(mem_pool.o)
                              C:/Users/steph/OneDrive/Documents/Development/devkitPro/libctru/lib\libctru.a(vram.o) (MemPool::Allocate(MemChunk&, unsigned long, int))
C:/Users/steph/OneDrive/Documents/Development/devkitPro/libctru/lib\libctru.a(synchronization.o)
                              C:/Users/steph/OneDrive/Documents/Development/devkitPro/libctru/lib\libctru.a(ctru_init.o) (__sync_init)
C:/Users/steph/OneDrive/Documents/Development/devkitPro/libctru/lib\libctru.a(os.o)
                              C:/Users/steph/OneDrive/Documents/Development/devkitPro/libctru/lib\libctru.a(apt.o) (__ctru_speedup_config)
C:/Users/steph/OneDrive/Documents/Development/devkitPro/libctru/lib\libctru.a(3dslink.o)
                              C:/Users/steph/OneDrive/Documents/Development/devkitPro/libctru/lib\libctru.a(initArgv.o) (__3dslink_host)
C:/Users/steph/OneDrive/Documents/Development/devkitPro/libctru/lib\libctru.a(srv.o)
                              C:/Users/steph/OneDrive/Documents/Development/devkitPro/libctru/lib\libctru.a(apt.o) (srvInit)
C:/Users/steph/OneDrive/Documents/Development/devkitPro/libctru/lib\libctru.a(thread.o)
                              C:/Users/steph/OneDrive/Documents/Development/devkitPro/libctru/lib\libctru.a(gspgpu.o) (threadCreate)
C:/Users/steph/OneDrive/Documents/Development/devkitPro/libctru/lib\libctru.a(mappable.o)
                              C:/Users/steph/OneDrive/Documents/Development/devkitPro/libctru/lib\libctru.a(gspgpu.o) (mappableAlloc)
C:/Users/steph/OneDrive/Documents/Development/devkitPro/libctru/lib\libctru.a(irrst.o)
                              C:/Users/steph/OneDrive/Documents/Development/devkitPro/libctru/lib\libctru.a(hid.o) (irrstInit)
[...]
Memory Configuration

Name             Origin             Length             Attributes
*default*        0x00000000         0xffffffff

Linker script and memory map

                0x00100000                        PROVIDE (__start__ = 0x100000)
                0x00100000                        . = __start__

.text           0x00100000    0x212e0
 *(.crt0)
 .crt0          0x00100000       0x94 C:/Users/steph/OneDrive/Documents/Development/devkitPro/devkitARM/bin/../lib/gcc/arm-none-eabi/13.1.0/../../../../arm-none-eabi/lib/armv6k/fpu/3dsx_crt0.o
                0x00100000                _start
                0x00100008                __service_ptr
                0x0010000c                __apt_appid
                0x00100010                __heap_size
                0x00100014                __linear_heap_size
                0x00100018                __system_arglist
                0x0010001c                __system_runflags
 *(.init)
 .init          0x00100094        0xc C:/Users/steph/OneDrive/Documents/Development/devkitPro/devkitARM/bin/../lib/gcc/arm-none-eabi/13.1.0/armv6k/fpu/crti.o
                0x00100094                _init
 .init          0x001000a0        0xc C:/Users/steph/OneDrive/Documents/Development/devkitPro/devkitARM/bin/../lib/gcc/arm-none-eabi/13.1.0/armv6k/fpu/crtn.o
                0x001000ac                        . = ALIGN (0x4)
 *(.text)
 .text          0x001000ac      0x20c C:/Users/steph/OneDrive/Documents/Development/devkitPro/devkitARM/bin/../lib/gcc/arm-none-eabi/13.1.0/armv6k/fpu\libgcc.a(_udivsi3.o)
                0x001000ac                __aeabi_uidiv
                0x001000ac                __udivsi3
                0x00100298                __aeabi_uidivmod
 .text          0x001002b8      0x240 C:/Users/steph/OneDrive/Documents/Development/devkitPro/devkitARM/bin/../lib/gcc/arm-none-eabi/13.1.0/armv6k/fpu\libgcc.a(_divsi3.o)
                0x001002b8                __divsi3
                0x001002b8                __aeabi_idiv
                0x001004d8                __aeabi_idivmod
 .text          0x001004f8        0x4 C:/Users/steph/OneDrive/Documents/Development/devkitPro/devkitARM/bin/../lib/gcc/arm-none-eabi/13.1.0/armv6k/fpu\libgcc.a(_dvmd_tls.o)
                0x001004f8                __aeabi_idiv0
                0x001004f8                __aeabi_ldiv0
 .text          0x001004fc       0xd4 C:/Users/steph/OneDrive/Documents/Development/devkitPro/devkitARM/bin/../lib/gcc/arm-none-eabi/13.1.0/armv6k/fpu\libgcc.a(_aeabi_ldivmod.o)
                0x001004fc                __aeabi_ldivmod
 .text          0x001005d0       0x3c C:/Users/steph/OneDrive/Documents/Development/devkitPro/devkitARM/bin/../lib/gcc/arm-none-eabi/13.1.0/armv6k/fpu\libgcc.a(_aeabi_uldivmod.o)
                0x001005d0                __aeabi_uldivmod
 *fill*         0x0010060c       0x14 
 .text          0x00100620      0x390 C:/Users/steph/OneDrive/Documents/Development/devkitPro/devkitARM/bin/../lib/gcc/arm-none-eabi/13.1.0/../../../../arm-none-eabi/lib/armv6k/fpu\libg.a(libc_a-strcmp.o)
                0x00100628                strcmp
 .text          0x001009b0      0x3c0 C:/Users/steph/OneDrive/Documents/Development/devkitPro/devkitARM/bin/../lib/gcc/arm-none-eabi/13.1.0/armv6k/fpu\libgcc.a(_arm_addsubdf3.o)
                0x001009b0                __aeabi_drsub
                0x001009b8                __aeabi_dsub
                0x001009b8                __subdf3
                0x001009bc                __aeabi_dadd
                0x001009bc                __adddf3
                0x00100c68                __floatunsidf
                0x00100c68                __aeabi_ui2d
                0x00100c8c                __floatsidf
                0x00100c8c                __aeabi_i2d
                0x00100cb4                __aeabi_f2d
                0x00100cb4                __extendsfdf2
                0x00100cfc                __floatundidf
                0x00100cfc                __aeabi_ul2d
                0x00100d10                __floatdidf
                0x00100d10                __aeabi_l2d
 *(.text.*)
 .text.__do_global_dtors_aux
                0x00100d70       0x40 C:/Users/steph/OneDrive/Documents/Development/devkitPro/devkitARM/bin/../lib/gcc/arm-none-eabi/13.1.0/armv6k/fpu/crtbegin.o
 .text.frame_dummy
                0x00100db0       0x2c C:/Users/steph/OneDrive/Documents/Development/devkitPro/devkitARM/bin/../lib/gcc/arm-none-eabi/13.1.0/armv6k/fpu/crtbegin.o
 .text.startup.main
                0x00100ddc      0x200 main.o
                0x00100ddc                main
 .text.parseColor
                0x00100fdc      0x1f4 C:/Users/steph/OneDrive/Documents/Development/devkitPro/libctru/lib\libctru.a(console.o)
 .text.consoleDrawChar
                0x001011d0      0x1ac C:/Users/steph/OneDrive/Documents/Development/devkitPro/libctru/lib\libctru.a(console.o)
                0x001011d0                consoleDrawChar
 .text.consolePrintChar
                0x0010137c      0x124 C:/Users/steph/OneDrive/Documents/Development/devkitPro/libctru/lib\libctru.a(console.o)
                0x0010137c                consolePrintChar
 .text.con_write
                0x001014a0      0xbe4 C:/Users/steph/OneDrive/Documents/Development/devkitPro/libctru/lib\libctru.a(console.o)
                0x001014a0                con_write
 .text.newRow   0x00102084       0xfc C:/Users/steph/OneDrive/Documents/Development/devkitPro/libctru/lib\libctru.a(console.o)
 .text.consoleInit
                0x00102180      0x168 C:/Users/steph/OneDrive/Documents/Development/devkitPro/libctru/lib\libctru.a(console.o)
                0x00102180                consoleInit
 .text.gfxPresentFramebuffer
                0x001022e8       0xd0 C:/Users/steph/OneDrive/Documents/Development/devkitPro/libctru/lib\libctru.a(gfx.o)
 .text.gfxIsWide
                0x001023b8       0x1c C:/Users/steph/OneDrive/Documents/Development/devkitPro/libctru/lib\libctru.a(gfx.o)
                0x001023b8                gfxIsWide
 .text.gfxSetScreenFormat
                0x001023d4       0xec C:/Users/steph/OneDrive/Documents/Development/devkitPro/libctru/lib\libctru.a(gfx.o)
                0x001023d4                gfxSetScreenFormat
 .text.gfxSetDoubleBuffering
                0x001024c0       0x10 C:/Users/steph/OneDrive/Documents/Development/devkitPro/libctru/lib\libctru.a(gfx.o)
                0x001024c0                gfxSetDoubleBuffering
 .text.gfxInit  0x001024d0       0xe0 C:/Users/steph/OneDrive/Documents/Development/devkitPro/libctru/lib\libctru.a(gfx.o)
                0x001024d0                gfxInit
 .text.gfxInitDefault
                0x001025b0       0x10 C:/Users/steph/OneDrive/Documents/Development/devkitPro/libctru/lib\libctru.a(gfx.o)
                0x001025b0                gfxInitDefault
 .text.gfxExit  0x001025c0       0xb4 C:/Users/steph/OneDrive/Documents/Development/devkitPro/libctru/lib\libctru.a(gfx.o)
                0x001025c0                gfxExit
 .text.gfxGetFramebuffer
                0x00102674       0xa0 C:/Users/steph/OneDrive/Documents/Development/devkitPro/libctru/lib\libctru.a(gfx.o)
                0x00102674                gfxGetFramebuffer
 .text.gfxFlushBuffers
                0x00102714      0x104 C:/Users/steph/OneDrive/Documents/Development/devkitPro/libctru/lib\libctru.a(gfx.o)
                0x00102714                gfxFlushBuffers
 .text.gfxSwapBuffers
                0x00102818       0x50 C:/Users/steph/OneDrive/Documents/Development/devkitPro/libctru/lib\libctru.a(gfx.o)
                0x00102818                gfxSwapBuffers
 .text.gfxSwapBuffersGpu
                0x00102868       0x50 C:/Users/steph/OneDrive/Documents/Development/devkitPro/libctru/lib\libctru.a(gfx.o)
                0x00102868                gfxSwapBuffersGpu
 .text.gspHardwareInit
                0x001028b8      0xc64 C:/Users/steph/OneDrive/Documents/Development/devkitPro/libctru/lib\libctru.a(gspgpu.o)
 .text.gspInit  0x0010351c      0x248 C:/Users/steph/OneDrive/Documents/Development/devkitPro/libctru/lib\libctru.a(gspgpu.o)
                0x0010351c                gspInit
 .text.gspExit  0x00103764       0xf0 C:/Users/steph/OneDrive/Documents/Development/devkitPro/libctru/lib\libctru.a(gspgpu.o)
                0x00103764                gspExit
 .text.gspHasGpuRight
                0x00103854       0x10 C:/Users/steph/OneDrive/Documents/Development/devkitPro/libctru/lib\libctru.a(gspgpu.o)
                0x00103854                gspHasGpuRight
 .text.gspPresentBuffer
                0x00103864       0xa0 C:/Users/steph/OneDrive/Documents/Development/devkitPro/libctru/lib\libctru.a(gspgpu.o)
                0x00103864                gspPresentBuffer
 .text.gspWaitForEvent
                0x00103904       0x44 C:/Users/steph/OneDrive/Documents/Development/devkitPro/libctru/lib\libctru.a(gspgpu.o)
                0x00103904                gspWaitForEvent
 .text.gxCmdQueueInterrupt
                0x00103948        0x4 C:/Users/steph/OneDrive/Documents/Development/devkitPro/libctru/lib\libctru.a(gspgpu.o)
                0x00103948                gxCmdQueueInterrupt
 .text.gspEventThreadMain
                0x0010394c      0x158 C:/Users/steph/OneDrive/Documents/Development/devkitPro/libctru/lib\libctru.a(gspgpu.o)
 .text.GSPGPU_FlushDataCache
                0x00103aa4       0x50 C:/Users/steph/OneDrive/Documents/Development/devkitPro/libctru/lib\libctru.a(gspgpu.o)
                0x00103aa4                GSPGPU_FlushDataCache
 .text.GSPGPU_SetLcdForceBlack
                0x00103af4       0x34 C:/Users/steph/OneDrive/Documents/Development/devkitPro/libctru/lib\libctru.a(gspgpu.o)
                0x00103af4                GSPGPU_SetLcdForceBlack
 .text.GSPGPU_AcquireRight
                0x00103b28       0x68 C:/Users/steph/OneDrive/Documents/Development/devkitPro/libctru/lib\libctru.a(gspgpu.o)
                0x00103b28                GSPGPU_AcquireRight
 .text.GSPGPU_ReleaseRight
                0x00103b90       0x48 C:/Users/steph/OneDrive/Documents/Development/devkitPro/libctru/lib\libctru.a(gspgpu.o)
                0x00103b90                GSPGPU_ReleaseRight
 .text.GSPGPU_ImportDisplayCaptureInfo
                0x00103bd8       0x7c C:/Users/steph/OneDrive/Documents/Development/devkitPro/libctru/lib\libctru.a(gspgpu.o)
                0x00103bd8                GSPGPU_ImportDisplayCaptureInfo
 .text.GSPGPU_SaveVramSysArea
                0x00103c54       0x2c C:/Users/steph/OneDrive/Documents/Development/devkitPro/libctru/lib\libctru.a(gspgpu.o)
                0x00103c54                GSPGPU_SaveVramSysArea
 .text.GSPGPU_RestoreVramSysArea
                0x00103c80       0x2c C:/Users/steph/OneDrive/Documents/Development/devkitPro/libctru/lib\libctru.a(gspgpu.o)
                0x00103c80                GSPGPU_RestoreVramSysArea
 .text.hidShouldUseIrrst
                0x00103cac       0x24 C:/Users/steph/OneDrive/Documents/Development/devkitPro/libctru/lib\libctru.a(hid.o)
                0x00103cac                hidShouldUseIrrst
 .text.hidInit  0x00103cd0      0x18c C:/Users/steph/OneDrive/Documents/Development/devkitPro/libctru/lib\libctru.a(hid.o)
                0x00103cd0                hidInit
 .text.hidExit  0x00103e5c       0xe8 C:/Users/steph/OneDrive/Documents/Development/devkitPro/libctru/lib\libctru.a(hid.o)
                0x00103e5c                hidExit
 .text.hidScanInput
                0x00103f44      0x2a4 C:/Users/steph/OneDrive/Documents/Development/devkitPro/libctru/lib\libctru.a(hid.o)
                0x00103f44                hidScanInput
 .text.hidKeysDown
                0x001041e8       0x10 C:/Users/steph/OneDrive/Documents/Development/devkitPro/libctru/lib\libctru.a(hid.o)
                0x001041e8                hidKeysDown
 .text.amInit   0x001041f8       0xa4 C:/Users/steph/OneDrive/Documents/Development/devkitPro/libctru/lib\libctru.a(am.o)
                0x001041f8                amInit
 .text.AM_GetTitleCount
                0x0010429c       0x48 C:/Users/steph/OneDrive/Documents/Development/devkitPro/libctru/lib\libctru.a(am.o)
                0x0010429c                AM_GetTitleCount
 .text.AM_GetTitleList
                0x001042e4       0x5c C:/Users/steph/OneDrive/Documents/Development/devkitPro/libctru/lib\libctru.a(am.o)
                0x001042e4                AM_GetTitleList
 .text.aptConvertScreenForCapture
                0x00104340      0x1ac C:/Users/steph/OneDrive/Documents/Development/devkitPro/libctru/lib\libctru.a(apt.o)
 .text.aptDspSleep
                0x001044ec        0x8 C:/Users/steph/OneDrive/Documents/Development/devkitPro/libctru/lib\libctru.a(apt.o)
                0x001044ec                aptDspSleep
 .text.aptDspWakeup
                0x001044f4        0x4 C:/Users/steph/OneDrive/Documents/Development/devkitPro/libctru/lib\libctru.a(apt.o)
                0x001044f4                aptDspWakeup
 .text.aptDspCancel
                0x001044f8        0x4 C:/Users/steph/OneDrive/Documents/Development/devkitPro/libctru/lib\libctru.a(apt.o)
                0x001044f8                aptDspCancel
 .text.aptSendCommand
                0x001044fc      0x158 C:/Users/steph/OneDrive/Documents/Development/devkitPro/libctru/lib\libctru.a(apt.o)
                0x001044fc                aptSendCommand
 *fill*         0x00104654        0x4 
 .text.aptExitProcess
                0x00104658       0x44 C:/Users/steph/OneDrive/Documents/Development/devkitPro/libctru/lib\libctru.a(apt.o)
 .text.aptSetChainloader
                0x0010469c       0x50 C:/Users/steph/OneDrive/Documents/Development/devkitPro/libctru/lib\libctru.a(apt.o)
                0x0010469c                aptSetChainloader
 .text.aptExit  0x001046ec      0x38c C:/Users/steph/OneDrive/Documents/Development/devkitPro/libctru/lib\libctru.a(apt.o)
                0x001046ec                aptExit
 .text.aptHandleSleep
                0x00104a78       0xe0 C:/Users/steph/OneDrive/Documents/Development/devkitPro/libctru/lib\libctru.a(apt.o)
                0x00104a78                aptHandleSleep
 .text.APT_SleepIfShellClosed
                0x00104b58       0x84 C:/Users/steph/OneDrive/Documents/Development/devkitPro/libctru/lib\libctru.a(apt.o)
                0x00104b58                APT_SleepIfShellClosed
 .text.aptSetSleepAllowed
                0x00104bdc       0x84 C:/Users/steph/OneDrive/Documents/Development/devkitPro/libctru/lib\libctru.a(apt.o)
                0x00104bdc                aptSetSleepAllowed
 .text.APT_UnlockTransition
                0x00104c60       0x84 C:/Users/steph/OneDrive/Documents/Development/devkitPro/libctru/lib\libctru.a(apt.o)
                0x00104c60                APT_UnlockTransition
 *fill*         0x00104ce4        0x4 
 .text.aptEventHandler
                0x00104ce8      0x4a4 C:/Users/steph/OneDrive/Documents/Development/devkitPro/libctru/lib\libctru.a(apt.o)
 .text.APT_ReceiveParameter
                0x0010518c       0xb0 C:/Users/steph/OneDrive/Documents/Development/devkitPro/libctru/lib\libctru.a(apt.o)
                0x0010518c                APT_ReceiveParameter
 .text.aptReceiveParameter.constprop.0
                0x0010523c       0xac C:/Users/steph/OneDrive/Documents/Development/devkitPro/libctru/lib\libctru.a(apt.o)
 .text.aptScreenTransfer
                0x001052e8      0x2ac C:/Users/steph/OneDrive/Documents/Development/devkitPro/libctru/lib\libctru.a(apt.o)
 .text.aptWaitForWakeUp.isra.0
                0x00105594      0x320 C:/Users/steph/OneDrive/Documents/Development/devkitPro/libctru/lib\libctru.a(apt.o)
 .text.aptJumpToHomeMenu
                0x001058b4       0xf8 C:/Users/steph/OneDrive/Documents/Development/devkitPro/libctru/lib\libctru.a(apt.o)
                0x001058b4                aptJumpToHomeMenu
 .text.aptMainLoop
                0x001059ac       0x48 C:/Users/steph/OneDrive/Documents/Development/devkitPro/libctru/lib\libctru.a(apt.o)
                0x001059ac                aptMainLoop
 .text.aptInit  0x001059f4      0x22c C:/Users/steph/OneDrive/Documents/Development/devkitPro/libctru/lib\libctru.a(apt.o)
                0x001059f4                aptInit
 .text.APT_CheckNew3DS
                0x00105c20       0x7c C:/Users/steph/OneDrive/Documents/Development/devkitPro/libctru/lib\libctru.a(apt.o)
                0x00105c20                APT_CheckNew3DS
 .text.utf8_to_utf16
                0x00105c9c       0xc0 C:/Users/steph/OneDrive/Documents/Development/devkitPro/libctru/lib\libctru.a(utf8_to_utf16.o)
                0x00105c9c                utf8_to_utf16
 .text.decode_utf8
                0x00105d5c      0x13c C:/Users/steph/OneDrive/Documents/Development/devkitPro/libctru/lib\libctru.a(decode_utf8.o)
                0x00105d5c                decode_utf8
 .text.__libctru_init
                0x00105e98       0x38 C:/Users/steph/OneDrive/Documents/Development/devkitPro/libctru/lib\libctru.a(ctru_init.o)
                0x00105e98                __libctru_init
 .text.__system_initArgv
                0x00105ed0      0x170 C:/Users/steph/OneDrive/Documents/Development/devkitPro/libctru/lib\libctru.a(initArgv.o)
                0x00105ed0                __system_initArgv
 .text.svcControlMemory
                0x00106040       0x20 C:/Users/steph/OneDrive/Documents/Development/devkitPro/libctru/lib\libctru.a(svc.o)
                0x00106040                svcControlMemory
 .text.svcQueryMemory
                0x00106060       0x30 C:/Users/steph/OneDrive/Documents/Development/devkitPro/libctru/lib\libctru.a(svc.o)
                0x00106060                svcQueryMemory
 .text.svcExitProcess
                0x00106090        0x8 C:/Users/steph/OneDrive/Documents/Development/devkitPro/libctru/lib\libctru.a(svc.o)
                0x00106090                svcExitProcess
 .text.svcCreateThread
                0x00106098       0x20 C:/Users/steph/OneDrive/Documents/Development/devkitPro/libctru/lib\libctru.a(svc.o)
                0x00106098                svcCreateThread
 .text.svcExitThread
                0x001060b8        0x8 C:/Users/steph/OneDrive/Documents/Development/devkitPro/libctru/lib\libctru.a(svc.o)
                0x001060b8                svcExitThread
 .text.svcSleepThread
                0x001060c0        0x8 C:/Users/steph/OneDrive/Documents/Development/devkitPro/libctru/lib\libctru.a(svc.o)
                0x001060c0                svcSleepThread
 .text.svcReleaseMutex
                0x001060c8        0x8 C:/Users/steph/OneDrive/Documents/Development/devkitPro/libctru/lib\libctru.a(svc.o)
                0x001060c8                svcReleaseMutex
 .text.svcCreateEvent
                0x001060d0       0x14 C:/Users/steph/OneDrive/Documents/Development/devkitPro/libctru/lib\libctru.a(svc.o)
                0x001060d0                svcCreateEvent
 .text.svcSignalEvent
                0x001060e4        0x8 C:/Users/steph/OneDrive/Documents/Development/devkitPro/libctru/lib\libctru.a(svc.o)
                0x001060e4                svcSignalEvent
 .text.svcClearEvent
                0x001060ec        0x8 C:/Users/steph/OneDrive/Documents/Development/devkitPro/libctru/lib\libctru.a(svc.o)
                0x001060ec                svcClearEvent
 .text.svcMapMemoryBlock
                0x001060f4        0x8 C:/Users/steph/OneDrive/Documents/Development/devkitPro/libctru/lib\libctru.a(svc.o)
                0x001060f4                svcMapMemoryBlock
 .text.svcUnmapMemoryBlock
                0x001060fc        0x8 C:/Users/steph/OneDrive/Documents/Development/devkitPro/libctru/lib\libctru.a(svc.o)
                0x001060fc                svcUnmapMemoryBlock
 .text.svcCreateAddressArbiter
                0x00106104       0x14 C:/Users/steph/OneDrive/Documents/Development/devkitPro/libctru/lib\libctru.a(svc.o)
                0x00106104                svcCreateAddressArbiter
 .text.svcArbitrateAddressNoTimeout
                0x00106118        0x8 C:/Users/steph/OneDrive/Documents/Development/devkitPro/libctru/lib\libctru.a(svc.o)
                0x00106118                svcArbitrateAddressNoTimeout
 .text.svcCloseHandle
                0x00106120        0x8 C:/Users/steph/OneDrive/Documents/Development/devkitPro/libctru/lib\libctru.a(svc.o)
                0x00106120                svcCloseHandle
 .text.svcWaitSynchronization
                0x00106128        0x8 C:/Users/steph/OneDrive/Documents/Development/devkitPro/libctru/lib\libctru.a(svc.o)
                0x00106128                svcWaitSynchronization
 .text.svcWaitSynchronizationN
                0x00106130       0x28 C:/Users/steph/OneDrive/Documents/Development/devkitPro/libctru/lib\libctru.a(svc.o)
                0x00106130                svcWaitSynchronizationN
 .text.svcDuplicateHandle
                0x00106158       0x14 C:/Users/steph/OneDrive/Documents/Development/devkitPro/libctru/lib\libctru.a(svc.o)
                0x00106158                svcDuplicateHandle
 .text.svcGetSystemTick
                0x0010616c        0x8 C:/Users/steph/OneDrive/Documents/Development/devkitPro/libctru/lib\libctru.a(svc.o)
                0x0010616c                svcGetSystemTick
 .text.svcConnectToPort
                0x00106174       0x14 C:/Users/steph/OneDrive/Documents/Development/devkitPro/libctru/lib\libctru.a(svc.o)
                0x00106174                svcConnectToPort
 .text.svcSendSyncRequest
                0x00106188        0x8 C:/Users/steph/OneDrive/Documents/Development/devkitPro/libctru/lib\libctru.a(svc.o)
                0x00106188                svcSendSyncRequest
 .text.svcGetResourceLimit
                0x00106190       0x14 C:/Users/steph/OneDrive/Documents/Development/devkitPro/libctru/lib\libctru.a(svc.o)
                0x00106190                svcGetResourceLimit
 .text.svcGetResourceLimitLimitValues
                0x001061a4        0x8 C:/Users/steph/OneDrive/Documents/Development/devkitPro/libctru/lib\libctru.a(svc.o)
                0x001061a4                svcGetResourceLimitLimitValues
 .text.svcGetResourceLimitCurrentValues
                0x001061ac        0x8 C:/Users/steph/OneDrive/Documents/Development/devkitPro/libctru/lib\libctru.a(svc.o)
                0x001061ac                svcGetResourceLimitCurrentValues
 .text.svcBreak
                0x001061b4        0x8 C:/Users/steph/OneDrive/Documents/Development/devkitPro/libctru/lib\libctru.a(svc.o)
                0x001061b4                svcBreak
 .text.initSystem
                0x001061bc       0x50 C:/Users/steph/OneDrive/Documents/Development/devkitPro/libctru/lib\libctru.a(stack_adjust.o)
                0x001061bc                initSystem
 .text.__ctru_exit
                0x0010620c       0x18 C:/Users/steph/OneDrive/Documents/Development/devkitPro/libctru/lib\libctru.a(stack_adjust.o)
                0x0010620c                __ctru_exit
 .text._ZL21addrMapNodeComparatorPK11rbtree_nodeS1_
                0x00106224       0x24 C:/Users/steph/OneDrive/Documents/Development/devkitPro/libctru/lib\libctru.a(vram.o)
 .text._ZL21addrMapNodeDestructorP11rbtree_node
                0x00106248        0x4 C:/Users/steph/OneDrive/Documents/Development/devkitPro/libctru/lib\libctru.a(vram.o)
 .text.vramMemAlignAt
                0x0010624c      0x24c C:/Users/steph/OneDrive/Documents/Development/devkitPro/libctru/lib\libctru.a(vram.o)
                0x0010624c                vramMemAlignAt
 .text.vramAlloc
                0x00106498        0xc C:/Users/steph/OneDrive/Documents/Development/devkitPro/libctru/lib\libctru.a(vram.o)
                0x00106498                vramAlloc
 .text.vramFree
                0x001064a4       0x90 C:/Users/steph/OneDrive/Documents/Development/devkitPro/libctru/lib\libctru.a(vram.o)
                0x001064a4                vramFree
 .text._ZL21addrMapNodeComparatorPK11rbtree_nodeS1_
                0x00106534       0x24 C:/Users/steph/OneDrive/Documents/Development/devkitPro/libctru/lib\libctru.a(linear.o)
 .text._ZL21addrMapNodeDestructorP11rbtree_node
                0x00106558        0x4 C:/Users/steph/OneDrive/Documents/Development/devkitPro/libctru/lib\libctru.a(linear.o)
 .text.linearMemAlign
                0x0010655c      0x120 C:/Users/steph/OneDrive/Documents/Development/devkitPro/libctru/lib\libctru.a(linear.o)
                0x0010655c                linearMemAlign
 .text.linearAlloc
                0x0010667c        0x8 C:/Users/steph/OneDrive/Documents/Development/devkitPro/libctru/lib\libctru.a(linear.o)
                0x0010667c                linearAlloc
 .text.linearFree
                0x00106684       0x5c C:/Users/steph/OneDrive/Documents/Development/devkitPro/libctru/lib\libctru.a(linear.o)
                0x00106684                linearFree
 .text._ZN7MemPool13CoalesceRightEP8MemBlock
                0x001066e0       0x80 C:/Users/steph/OneDrive/Documents/Development/devkitPro/libctru/lib\libctru.a(mem_pool.o)
                0x001066e0                MemPool::CoalesceRight(MemBlock*)
 .text._ZN7MemPool8AllocateER8MemChunkmi
                0x00106760      0x16c C:/Users/steph/OneDrive/Documents/Development/devkitPro/libctru/lib\libctru.a(mem_pool.o)
                0x00106760                MemPool::Allocate(MemChunk&, unsigned long, int)
 .text._ZN7MemPool10DeallocateERK8MemChunk
                0x001068cc       0xfc C:/Users/steph/OneDrive/Documents/Development/devkitPro/libctru/lib\libctru.a(mem_pool.o)
                0x001068cc                MemPool::Deallocate(MemChunk const&)
 .text._ZN7MemPool12GetFreeSpaceEv
                0x001069c8       0x30 C:/Users/steph/OneDrive/Documents/Development/devkitPro/libctru/lib\libctru.a(mem_pool.o)
                0x001069c8                MemPool::GetFreeSpace()
 .text.__sync_init
                0x001069f8        0xc C:/Users/steph/OneDrive/Documents/Development/devkitPro/libctru/lib\libctru.a(synchronization.o)
                0x001069f8                __sync_init
 .text.__sync_fini
                0x00106a04       0x18 C:/Users/steph/OneDrive/Documents/Development/devkitPro/libctru/lib\libctru.a(synchronization.o)
                0x00106a04                __sync_fini
 .text.syncArbitrateAddress
                0x00106a1c       0x2c C:/Users/steph/OneDrive/Documents/Development/devkitPro/libctru/lib\libctru.a(synchronization.o)
                0x00106a1c                syncArbitrateAddress
 .text.LightLock_Lock
                0x00106a48       0xac C:/Users/steph/OneDrive/Documents/Development/devkitPro/libctru/lib\libctru.a(synchronization.o)
                0x00106a48                LightLock_Lock
 .text.LightLock_Unlock
                0x00106af4       0x40 C:/Users/steph/OneDrive/Documents/Development/devkitPro/libctru/lib\libctru.a(synchronization.o)
                0x00106af4                LightLock_Unlock
 .text.RecursiveLock_Lock
                0x00106b34       0x30 C:/Users/steph/OneDrive/Documents/Development/devkitPro/libctru/lib\libctru.a(synchronization.o)
                0x00106b34                RecursiveLock_Lock
 .text.RecursiveLock_Unlock
                0x00106b64       0x54 C:/Users/steph/OneDrive/Documents/Development/devkitPro/libctru/lib\libctru.a(synchronization.o)
                0x00106b64                RecursiveLock_Unlock
 .text.LightEvent_Init
                0x00106bb8       0x40 C:/Users/steph/OneDrive/Documents/Development/devkitPro/libctru/lib\libctru.a(synchronization.o)
                0x00106bb8                LightEvent_Init
 .text.LightEvent_Clear
                0x00106bf8       0xa4 C:/Users/steph/OneDrive/Documents/Development/devkitPro/libctru/lib\libctru.a(synchronization.o)
                0x00106bf8                LightEvent_Clear
 .text.LightEvent_Signal
                0x00106c9c       0xc8 C:/Users/steph/OneDrive/Documents/Development/devkitPro/libctru/lib\libctru.a(synchronization.o)
                0x00106c9c                LightEvent_Signal
 .text.LightEvent_TryWait
                0x00106d64       0x50 C:/Users/steph/OneDrive/Documents/Development/devkitPro/libctru/lib\libctru.a(synchronization.o)
                0x00106d64                LightEvent_TryWait
 .text.LightEvent_Wait
                0x00106db4       0xa0 C:/Users/steph/OneDrive/Documents/Development/devkitPro/libctru/lib\libctru.a(synchronization.o)
                0x00106db4                LightEvent_Wait
 .text.osGetTimeRef
                0x00106e54       0x54 C:/Users/steph/OneDrive/Documents/Development/devkitPro/libctru/lib\libctru.a(os.o)
                0x00106e54                osGetTimeRef
 .text.osGetTime
                0x00106ea8       0xec C:/Users/steph/OneDrive/Documents/Development/devkitPro/libctru/lib\libctru.a(os.o)
                0x00106ea8                osGetTime
 .text.__ctru_speedup_config
                0x00106f94       0x34 C:/Users/steph/OneDrive/Documents/Development/devkitPro/libctru/lib\libctru.a(os.o)
                0x00106f94                __ctru_speedup_config
 .text.srvInit  0x00106fc8      0x12c C:/Users/steph/OneDrive/Documents/Development/devkitPro/libctru/lib\libctru.a(srv.o)
                0x00106fc8                srvInit
 .text.srvExit  0x001070f4       0x58 C:/Users/steph/OneDrive/Documents/Development/devkitPro/libctru/lib\libctru.a(srv.o)
                0x001070f4                srvExit
 .text.srvEnableNotification
                0x0010714c       0x60 C:/Users/steph/OneDrive/Documents/Development/devkitPro/libctru/lib\libctru.a(srv.o)
                0x0010714c                srvEnableNotification
 .text.srvGetServiceHandleDirect
                0x001071ac       0xa0 C:/Users/steph/OneDrive/Documents/Development/devkitPro/libctru/lib\libctru.a(srv.o)
                0x001071ac                srvGetServiceHandleDirect
 .text.srvGetServiceHandle
                0x0010724c       0x38 C:/Users/steph/OneDrive/Documents/Development/devkitPro/libctru/lib\libctru.a(srv.o)
                0x0010724c                srvGetServiceHandle
 .text.srvSubscribe
                0x00107284       0x34 C:/Users/steph/OneDrive/Documents/Development/devkitPro/libctru/lib\libctru.a(srv.o)
                0x00107284                srvSubscribe
 .text.srvReceiveNotification
                0x001072b8       0x60 C:/Users/steph/OneDrive/Documents/Development/devkitPro/libctru/lib\libctru.a(srv.o)
                0x001072b8                srvReceiveNotification
 .text.srvPublishToSubscriber
                0x00107318       0x38 C:/Users/steph/OneDrive/Documents/Development/devkitPro/libctru/lib\libctru.a(srv.o)
                0x00107318                srvPublishToSubscriber
 .text.threadCreate
                0x00107350      0x1d8 C:/Users/steph/OneDrive/Documents/Development/devkitPro/libctru/lib\libctru.a(thread.o)
                0x00107350                threadCreate
 .text.threadFree
                0x00107528       0x2c C:/Users/steph/OneDrive/Documents/Development/devkitPro/libctru/lib\libctru.a(thread.o)
                0x00107528                threadFree
 .text.threadJoin
                0x00107554       0x24 C:/Users/steph/OneDrive/Documents/Development/devkitPro/libctru/lib\libctru.a(thread.o)
                0x00107554                threadJoin
 .text.threadGetCurrent
                0x00107578       0x30 C:/Users/steph/OneDrive/Documents/Development/devkitPro/libctru/lib\libctru.a(thread.o)
                0x00107578                threadGetCurrent
 .text.threadExit
                0x001075a8       0x40 C:/Users/steph/OneDrive/Documents/Development/devkitPro/libctru/lib\libctru.a(thread.o)
                0x001075a8                threadExit
 .text._thread_begin
                0x001075e8       0x20 C:/Users/steph/OneDrive/Documents/Development/devkitPro/libctru/lib\libctru.a(thread.o)
 .text.mappableFindAddressWithin
                0x00107608       0xb4 C:/Users/steph/OneDrive/Documents/Development/devkitPro/libctru/lib\libctru.a(mappable.o)
 .text.mappableInit
                0x001076bc       0x28 C:/Users/steph/OneDrive/Documents/Development/devkitPro/libctru/lib\libctru.a(mappable.o)
                0x001076bc                mappableInit
 .text.mappableAlloc
                0x001076e4       0x80 C:/Users/steph/OneDrive/Documents/Development/devkitPro/libctru/lib\libctru.a(mappable.o)
                0x001076e4                mappableAlloc
 .text.mappableFree
                0x00107764        0x4 C:/Users/steph/OneDrive/Documents/Development/devkitPro/libctru/lib\libctru.a(mappable.o)
                0x00107764                mappableFree
 .text.irrstInit
                0x00107768      0x160 C:/Users/steph/OneDrive/Documents/Development/devkitPro/libctru/lib\libctru.a(irrst.o)
                0x00107768                irrstInit
 .text.irrstExit
                0x001078c8       0xcc C:/Users/steph/OneDrive/Documents/Development/devkitPro/libctru/lib\libctru.a(irrst.o)
                0x001078c8                irrstExit
 .text.irrstScanInput
                0x00107994       0xb4 C:/Users/steph/OneDrive/Documents/Development/devkitPro/libctru/lib\libctru.a(irrst.o)
                0x00107994                irrstScanInput
 .text.irrstKeysHeld
                0x00107a48       0x24 C:/Users/steph/OneDrive/Documents/Development/devkitPro/libctru/lib\libctru.a(irrst.o)
                0x00107a48                irrstKeysHeld
 .text.srvPmGetSessionHandle
                0x00107a6c        0xc C:/Users/steph/OneDrive/Documents/Development/devkitPro/libctru/lib\libctru.a(srvpm.o)
                0x00107a6c                srvPmGetSessionHandle
 .text.ptmSysmInit
                0x00107a78       0x74 C:/Users/steph/OneDrive/Documents/Development/devkitPro/libctru/lib\libctru.a(ptmsysm.o)
                0x00107a78                ptmSysmInit
 .text.ptmSysmExit
                0x00107aec       0x3c C:/Users/steph/OneDrive/Documents/Development/devkitPro/libctru/lib\libctru.a(ptmsysm.o)
                0x00107aec                ptmSysmExit
 .text.PTMSYSM_ConfigureNew3DSCPU
                0x00107b28       0x34 C:/Users/steph/OneDrive/Documents/Development/devkitPro/libctru/lib\libctru.a(ptmsysm.o)
                0x00107b28                PTMSYSM_ConfigureNew3DSCPU
 .text.rbtree_init
                0x00107b5c       0x10 C:/Users/steph/OneDrive/Documents/Development/devkitPro/libctru/lib\libctru.a(rbtree_init.o)
                0x00107b5c                rbtree_init
 .text.do_insert
                0x00107b6c      0x1b0 C:/Users/steph/OneDrive/Documents/Development/devkitPro/libctru/lib\libctru.a(rbtree_insert.o)
 .text.rbtree_insert
                0x00107d1c        0x8 C:/Users/steph/OneDrive/Documents/Development/devkitPro/libctru/lib\libctru.a(rbtree_insert.o)
                0x00107d1c                rbtree_insert
 .text.rbtree_rotate
                0x00107d24       0x90 C:/Users/steph/OneDrive/Documents/Development/devkitPro/libctru/lib\libctru.a(rbtree_rotate.o)
                0x00107d24                rbtree_rotate
 .text.rbtree_remove
                0x00107db4      0x318 C:/Users/steph/OneDrive/Documents/Development/devkitPro/libctru/lib\libctru.a(rbtree_remove.o)
                0x00107db4                rbtree_remove
 .text.rbtree_find
                0x001080cc       0x74 C:/Users/steph/OneDrive/Documents/Development/devkitPro/libctru/lib\libctru.a(rbtree_find.o)
                0x001080cc                rbtree_find
 .text.encode_utf16
                0x00108140       0x54 C:/Users/steph/OneDrive/Documents/Development/devkitPro/libctru/lib\libctru.a(encode_utf16.o)
                0x00108140                encode_utf16
 .text.__appInit
                0x00108194       0x30 C:/Users/steph/OneDrive/Documents/Development/devkitPro/libctru/lib\libctru.a(appInit.o)
                0x00108194                __appInit
 .text.__syscall_getreent
                0x001081c4       0x30 C:/Users/steph/OneDrive/Documents/Development/devkitPro/libctru/lib\libctru.a(syscalls.o)
                0x001081c4                __syscall_getreent
 .text.__syscall_gettod_r
                0x001081f4       0x64 C:/Users/steph/OneDrive/Documents/Development/devkitPro/libctru/lib\libctru.a(syscalls.o)
                0x001081f4                __syscall_gettod_r
 .text.__syscall_lock_acquire
                0x00108258        0x4 C:/Users/steph/OneDrive/Documents/Development/devkitPro/libctru/lib\libctru.a(syscalls.o)
                0x00108258                __syscall_lock_acquire
 .text.__syscall_lock_release
                0x0010825c        0x4 C:/Users/steph/OneDrive/Documents/Development/devkitPro/libctru/lib\libctru.a(syscalls.o)
                0x0010825c                __syscall_lock_release
 .text.__syscall_lock_acquire_recursive
                0x00108260        0x4 C:/Users/steph/OneDrive/Documents/Development/devkitPro/libctru/lib\libctru.a(syscalls.o)
                0x00108260                __syscall_lock_acquire_recursive
 .text.__syscall_lock_release_recursive
                0x00108264        0x4 C:/Users/steph/OneDrive/Documents/Development/devkitPro/libctru/lib\libctru.a(syscalls.o)
                0x00108264                __syscall_lock_release_recursive
 .text.__syscall_exit
                0x00108268        0x4 C:/Users/steph/OneDrive/Documents/Development/devkitPro/libctru/lib\libctru.a(syscalls.o)
                0x00108268                __syscall_exit
 .text.initThreadVars
                0x0010826c       0x50 C:/Users/steph/OneDrive/Documents/Development/devkitPro/libctru/lib\libctru.a(syscalls.o)
                0x0010826c                initThreadVars
 .text.__system_initSyscalls
                0x001082bc       0x80 C:/Users/steph/OneDrive/Documents/Development/devkitPro/libctru/lib\libctru.a(syscalls.o)
                0x001082bc                __system_initSyscalls
 *fill*         0x0010833c        0x4 
 .text.__system_allocateHeaps
                0x00108340      0x1e0 C:/Users/steph/OneDrive/Documents/Development/devkitPro/libctru/lib\libctru.a(allocateHeaps.o)
                0x00108340                __system_allocateHeaps
 .text.__appExit
                0x00108520       0x30 C:/Users/steph/OneDrive/Documents/Development/devkitPro/libctru/lib\libctru.a(appExit.o)
                0x00108520                __appExit
 .text.__libctru_exit
                0x00108550       0x90 C:/Users/steph/OneDrive/Documents/Development/devkitPro/libctru/lib\libctru.a(ctru_exit.o)
                0x00108550                __libctru_exit
 .text.envGetHandle
                0x001085e0       0x84 C:/Users/steph/OneDrive/Documents/Development/devkitPro/libctru/lib\libctru.a(env.o)
                0x001085e0                envGetHandle
 .text.envDestroyHandles
                0x00108664       0x50 C:/Users/steph/OneDrive/Documents/Development/devkitPro/libctru/lib\libctru.a(env.o)
                0x00108664                envDestroyHandles
 .text.archive_link
                0x001086b4       0x14 C:/Users/steph/OneDrive/Documents/Development/devkitPro/libctru/lib\libctru.a(archive_dev.o)
 .text.archive_dirreset
                0x001086c8       0x14 C:/Users/steph/OneDrive/Documents/Development/devkitPro/libctru/lib\libctru.a(archive_dev.o)
 .text.archive_chmod
                0x001086dc       0x14 C:/Users/steph/OneDrive/Documents/Development/devkitPro/libctru/lib\libctru.a(archive_dev.o)
 .text.error_cmp
                0x001086f0       0x24 C:/Users/steph/OneDrive/Documents/Development/devkitPro/libctru/lib\libctru.a(archive_dev.o)
 .text.archive_translate_error
                0x00108714       0x50 C:/Users/steph/OneDrive/Documents/Development/devkitPro/libctru/lib\libctru.a(archive_dev.o)
 .text.archive_seek
                0x00108764       0xc8 C:/Users/steph/OneDrive/Documents/Development/devkitPro/libctru/lib\libctru.a(archive_dev.o)
 .text._archiveInit.part.0
                0x0010882c       0x7c C:/Users/steph/OneDrive/Documents/Development/devkitPro/libctru/lib\libctru.a(archive_dev.o)
 .text.archiveFindDevice.part.0
                0x001088a8       0xc4 C:/Users/steph/OneDrive/Documents/Development/devkitPro/libctru/lib\libctru.a(archive_dev.o)
 .text.archive_utf16path
                0x0010896c      0x280 C:/Users/steph/OneDrive/Documents/Development/devkitPro/libctru/lib\libctru.a(archive_dev.o)
 .text._archiveUnmountDeviceStruct.part.0
                0x00108bec       0x9c C:/Users/steph/OneDrive/Documents/Development/devkitPro/libctru/lib\libctru.a(archive_dev.o)
 .text.archive_fchmod
                0x00108c88       0x14 C:/Users/steph/OneDrive/Documents/Development/devkitPro/libctru/lib\libctru.a(archive_dev.o)
 .text.archive_statvfs
                0x00108c9c       0x14 C:/Users/steph/OneDrive/Documents/Development/devkitPro/libctru/lib\libctru.a(archive_dev.o)
 .text._archiveMountDevice
                0x00108cb0      0x164 C:/Users/steph/OneDrive/Documents/Development/devkitPro/libctru/lib\libctru.a(archive_dev.o)
 .text.archive_diropen
                0x00108e14       0xe8 C:/Users/steph/OneDrive/Documents/Development/devkitPro/libctru/lib\libctru.a(archive_dev.o)
 .text.archive_fstat
                0x00108efc       0xa4 C:/Users/steph/OneDrive/Documents/Development/devkitPro/libctru/lib\libctru.a(archive_dev.o)
 .text.archive_fsync
                0x00108fa0       0x6c C:/Users/steph/OneDrive/Documents/Development/devkitPro/libctru/lib\libctru.a(archive_dev.o)
 .text.archive_close
                0x0010900c       0x6c C:/Users/steph/OneDrive/Documents/Development/devkitPro/libctru/lib\libctru.a(archive_dev.o)
 .text.archive_dirclose
                0x00109078       0x70 C:/Users/steph/OneDrive/Documents/Development/devkitPro/libctru/lib\libctru.a(archive_dev.o)
 .text.sdmc_statvfs
                0x001090e8       0xe8 C:/Users/steph/OneDrive/Documents/Development/devkitPro/libctru/lib\libctru.a(archive_dev.o)
 .text.archive_chdir
                0x001091d0       0xec C:/Users/steph/OneDrive/Documents/Development/devkitPro/libctru/lib\libctru.a(archive_dev.o)
 .text.archive_ftruncate
                0x001092bc       0x7c C:/Users/steph/OneDrive/Documents/Development/devkitPro/libctru/lib\libctru.a(archive_dev.o)
 .text.archive_read
                0x00109338       0xac C:/Users/steph/OneDrive/Documents/Development/devkitPro/libctru/lib\libctru.a(archive_dev.o)
 .text.archive_unlink
                0x001093e4       0xa4 C:/Users/steph/OneDrive/Documents/Development/devkitPro/libctru/lib\libctru.a(archive_dev.o)
 .text.archive_rmdir
                0x00109488       0xbc C:/Users/steph/OneDrive/Documents/Development/devkitPro/libctru/lib\libctru.a(archive_dev.o)
 .text.archive_mkdir
                0x00109544       0xdc C:/Users/steph/OneDrive/Documents/Development/devkitPro/libctru/lib\libctru.a(archive_dev.o)
 .text.archive_stat
                0x00109620      0x194 C:/Users/steph/OneDrive/Documents/Development/devkitPro/libctru/lib\libctru.a(archive_dev.o)
 .text.archive_dirnext
                0x001097b4      0x160 C:/Users/steph/OneDrive/Documents/Development/devkitPro/libctru/lib\libctru.a(archive_dev.o)
 .text.archive_write
                0x00109914      0x124 C:/Users/steph/OneDrive/Documents/Development/devkitPro/libctru/lib\libctru.a(archive_dev.o)
 .text.archive_open
                0x00109a38      0x20c C:/Users/steph/OneDrive/Documents/Development/devkitPro/libctru/lib\libctru.a(archive_dev.o)
 .text.archive_rename
                0x00109c44      0x278 C:/Users/steph/OneDrive/Documents/Development/devkitPro/libctru/lib\libctru.a(archive_dev.o)
 .text.archiveMountSdmc
                0x00109ebc      0x19c C:/Users/steph/OneDrive/Documents/Development/devkitPro/libctru/lib\libctru.a(archive_dev.o)
                0x00109ebc                archiveMountSdmc
 .text.archiveUnmountAll
                0x0010a058       0x54 C:/Users/steph/OneDrive/Documents/Development/devkitPro/libctru/lib\libctru.a(archive_dev.o)
                0x0010a058                archiveUnmountAll
 .text.fsInit   0x0010a0ac       0xcc C:/Users/steph/OneDrive/Documents/Development/devkitPro/libctru/lib\libctru.a(fs.o)
                0x0010a0ac                fsInit
 .text.fsExit   0x0010a178       0x3c C:/Users/steph/OneDrive/Documents/Development/devkitPro/libctru/lib\libctru.a(fs.o)
                0x0010a178                fsExit
 .text.fsExemptFromSession
                0x0010a1b4       0x60 C:/Users/steph/OneDrive/Documents/Development/devkitPro/libctru/lib\libctru.a(fs.o)
                0x0010a1b4                fsExemptFromSession
 .text.fsUnexemptFromSession
                0x0010a214       0x50 C:/Users/steph/OneDrive/Documents/Development/devkitPro/libctru/lib\libctru.a(fs.o)
                0x0010a214                fsUnexemptFromSession
 .text.FSUSER_OpenFile
                0x0010a264       0xcc C:/Users/steph/OneDrive/Documents/Development/devkitPro/libctru/lib\libctru.a(fs.o)
                0x0010a264                FSUSER_OpenFile
 .text.FSUSER_DeleteFile
                0x0010a330       0xbc C:/Users/steph/OneDrive/Documents/Development/devkitPro/libctru/lib\libctru.a(fs.o)
                0x0010a330                FSUSER_DeleteFile
 .text.FSUSER_RenameFile
                0x0010a3ec       0xf8 C:/Users/steph/OneDrive/Documents/Development/devkitPro/libctru/lib\libctru.a(fs.o)
                0x0010a3ec                FSUSER_RenameFile
 .text.FSUSER_DeleteDirectory
                0x0010a4e4       0xbc C:/Users/steph/OneDrive/Documents/Development/devkitPro/libctru/lib\libctru.a(fs.o)
                0x0010a4e4                FSUSER_DeleteDirectory
 .text.FSUSER_CreateFile
                0x0010a5a0       0xd4 C:/Users/steph/OneDrive/Documents/Development/devkitPro/libctru/lib\libctru.a(fs.o)
                0x0010a5a0                FSUSER_CreateFile
 .text.FSUSER_CreateDirectory
                0x0010a674       0xc4 C:/Users/steph/OneDrive/Documents/Development/devkitPro/libctru/lib\libctru.a(fs.o)
                0x0010a674                FSUSER_CreateDirectory
 .text.FSUSER_RenameDirectory
                0x0010a738       0xf8 C:/Users/steph/OneDrive/Documents/Development/devkitPro/libctru/lib\libctru.a(fs.o)
                0x0010a738                FSUSER_RenameDirectory
 .text.FSUSER_OpenDirectory
                0x0010a830       0xb4 C:/Users/steph/OneDrive/Documents/Development/devkitPro/libctru/lib\libctru.a(fs.o)
                0x0010a830                FSUSER_OpenDirectory
 .text.FSUSER_OpenArchive
                0x0010a8e4       0x94 C:/Users/steph/OneDrive/Documents/Development/devkitPro/libctru/lib\libctru.a(fs.o)
                0x0010a8e4                FSUSER_OpenArchive
 .text.FSUSER_CloseArchive
                0x0010a978       0x8c C:/Users/steph/OneDrive/Documents/Development/devkitPro/libctru/lib\libctru.a(fs.o)
                0x0010a978                FSUSER_CloseArchive
 .text.FSUSER_GetSdmcArchiveResource
                0x0010aa04       0x74 C:/Users/steph/OneDrive/Documents/Development/devkitPro/libctru/lib\libctru.a(fs.o)
                0x0010aa04                FSUSER_GetSdmcArchiveResource
 .text.FSUSER_IsSdmcWritable
                0x0010aa78       0x64 C:/Users/steph/OneDrive/Documents/Development/devkitPro/libctru/lib\libctru.a(fs.o)
                0x0010aa78                FSUSER_IsSdmcWritable
 .text.FSFILE_Read
                0x0010aadc       0x58 C:/Users/steph/OneDrive/Documents/Development/devkitPro/libctru/lib\libctru.a(fs.o)
                0x0010aadc                FSFILE_Read
 .text.FSFILE_Write
                0x0010ab34       0x60 C:/Users/steph/OneDrive/Documents/Development/devkitPro/libctru/lib\libctru.a(fs.o)
                0x0010ab34                FSFILE_Write
 .text.FSFILE_GetSize
                0x0010ab94       0x38 C:/Users/steph/OneDrive/Documents/Development/devkitPro/libctru/lib\libctru.a(fs.o)
                0x0010ab94                FSFILE_GetSize
 .text.FSFILE_SetSize
                0x0010abcc       0x28 C:/Users/steph/OneDrive/Documents/Development/devkitPro/libctru/lib\libctru.a(fs.o)
                0x0010abcc                FSFILE_SetSize
 .text.FSFILE_Close
                0x0010abf4       0x3c C:/Users/steph/OneDrive/Documents/Development/devkitPro/libctru/lib\libctru.a(fs.o)
                0x0010abf4                FSFILE_Close
 .text.FSFILE_Flush
                0x0010ac30       0x24 C:/Users/steph/OneDrive/Documents/Development/devkitPro/libctru/lib\libctru.a(fs.o)
                0x0010ac30                FSFILE_Flush
 .text.FSDIR_Read
                0x0010ac54       0x50 C:/Users/steph/OneDrive/Documents/Development/devkitPro/libctru/lib\libctru.a(fs.o)
                0x0010ac54                FSDIR_Read
 .text.FSDIR_Close
                0x0010aca4       0x3c C:/Users/steph/OneDrive/Documents/Development/devkitPro/libctru/lib\libctru.a(fs.o)
                0x0010aca4                FSDIR_Close
 .text.rbtree_node_next
                0x0010ace0       0x5c C:/Users/steph/OneDrive/Documents/Development/devkitPro/libctru/lib\libctru.a(rbtree_iterator.o)
                0x0010ace0                rbtree_node_next
 .text.utf16_to_utf8
                0x0010ad3c       0xe8 C:/Users/steph/OneDrive/Documents/Development/devkitPro/libctru/lib\libctru.a(utf16_to_utf8.o)
                0x0010ad3c                utf16_to_utf8
 .text.__aeabi_read_tp
                0x0010ae24        0xc C:/Users/steph/OneDrive/Documents/Development/devkitPro/libctru/lib\libctru.a(readtp.o)
                0x0010ae24                __aeabi_read_tp
 .text.encode_utf8
                0x0010ae30       0xe0 C:/Users/steph/OneDrive/Documents/Development/devkitPro/libctru/lib\libctru.a(encode_utf8.o)
                0x0010ae30                encode_utf8
 .text.decode_utf16
                0x0010af10       0x64 C:/Users/steph/OneDrive/Documents/Development/devkitPro/libctru/lib\libctru.a(decode_utf16.o)
                0x0010af10                decode_utf16
 .text.__udivmoddi4
                0x0010af74      0x120 C:/Users/steph/OneDrive/Documents/Development/devkitPro/devkitARM/bin/../lib/gcc/arm-none-eabi/13.1.0/armv6k/fpu\libgcc.a(_udivmoddi4.o)
                0x0010af74                __udivmoddi4
 .text.printf   0x0010b094       0x34 C:/Users/steph/OneDrive/Documents/Development/devkitPro/devkitARM/bin/../lib/gcc/arm-none-eabi/13.1.0/../../../../arm-none-eabi/lib/armv6k/fpu\libg.a(libc_a-printf.o)
                0x0010b094                printf
 .text.memalign
                0x0010b0c8       0x20 C:/Users/steph/OneDrive/Documents/Development/devkitPro/devkitARM/bin/../lib/gcc/arm-none-eabi/13.1.0/../../../../arm-none-eabi/lib/armv6k/fpu\libg.a(libc_a-malign.o)
                0x0010b0c8                memalign
 .text._memalign_r
                0x0010b0e8      0x14c C:/Users/steph/OneDrive/Documents/Development/devkitPro/devkitARM/bin/../lib/gcc/arm-none-eabi/13.1.0/../../../../arm-none-eabi/lib/armv6k/fpu\libg.a(libc_a-malignr.o)
                0x0010b0e8                _memalign_r
 .text.bsearch  0x0010b234       0x78 C:/Users/steph/OneDrive/Documents/Development/devkitPro/devkitARM/bin/../lib/gcc/arm-none-eabi/13.1.0/../../../../arm-none-eabi/lib/armv6k/fpu\libg.a(libc_a-bsearch.o)
                0x0010b234                bsearch
 .text.sscanf   0x0010b2ac       0x74 C:/Users/steph/OneDrive/Documents/Development/devkitPro/devkitARM/bin/../lib/gcc/arm-none-eabi/13.1.0/../../../../arm-none-eabi/lib/armv6k/fpu\libg.a(libc_a-sscanf.o)
                0x0010b2ac                sscanf
 .text.__sread  0x0010b320       0x44 C:/Users/steph/OneDrive/Documents/Development/devkitPro/devkitARM/bin/../lib/gcc/arm-none-eabi/13.1.0/../../../../arm-none-eabi/lib/armv6k/fpu\libg.a(libc_a-stdio.o)
                0x0010b320                __sread
 .text.__seofread
                0x0010b364        0x8 C:/Users/steph/OneDrive/Documents/Development/devkitPro/devkitARM/bin/../lib/gcc/arm-none-eabi/13.1.0/../../../../arm-none-eabi/lib/armv6k/fpu\libg.a(libc_a-stdio.o)
                0x0010b364                __seofread
 .text.__swrite
                0x0010b36c       0x68 C:/Users/steph/OneDrive/Documents/Development/devkitPro/devkitARM/bin/../lib/gcc/arm-none-eabi/13.1.0/../../../../arm-none-eabi/lib/armv6k/fpu\libg.a(libc_a-stdio.o)
                0x0010b36c                __swrite
 .text.__sseek  0x0010b3d4       0x44 C:/Users/steph/OneDrive/Documents/Development/devkitPro/devkitARM/bin/../lib/gcc/arm-none-eabi/13.1.0/../../../../arm-none-eabi/lib/armv6k/fpu\libg.a(libc_a-stdio.o)
                0x0010b3d4                __sseek
 .text.__sclose
                0x0010b418        0x8 C:/Users/steph/OneDrive/Documents/Development/devkitPro/devkitARM/bin/../lib/gcc/arm-none-eabi/13.1.0/../../../../arm-none-eabi/lib/armv6k/fpu\libg.a(libc_a-stdio.o)
                0x0010b418                __sclose
 .text.setvbuf  0x0010b420      0x25c C:/Users/steph/OneDrive/Documents/Development/devkitPro/devkitARM/bin/../lib/gcc/arm-none-eabi/13.1.0/../../../../arm-none-eabi/lib/armv6k/fpu\libg.a(libc_a-setvbuf.o)
                0x0010b420                setvbuf
 .text.__call_exitprocs
                0x0010b67c        0x4 C:/Users/steph/OneDrive/Documents/Development/devkitPro/devkitARM/bin/../lib/gcc/arm-none-eabi/13.1.0/../../../../arm-none-eabi/lib/armv6k/fpu\libg.a(libc_a-exit.o)
                0x0010b67c                __call_exitprocs
 .text.exit     0x0010b680       0x30 C:/Users/steph/OneDrive/Documents/Development/devkitPro/devkitARM/bin/../lib/gcc/arm-none-eabi/13.1.0/../../../../arm-none-eabi/lib/armv6k/fpu\libg.a(libc_a-exit.o)
                0x0010b680                exit
 .text._malloc_trim_r
                0x0010b6b0       0xf8 C:/Users/steph/OneDrive/Documents/Development/devkitPro/devkitARM/bin/../lib/gcc/arm-none-eabi/13.1.0/../../../../arm-none-eabi/lib/armv6k/fpu\libg.a(libc_a-freer.o)
                0x0010b6b0                _malloc_trim_r
 .text._free_r  0x0010b7a8      0x2e8 C:/Users/steph/OneDrive/Documents/Development/devkitPro/devkitARM/bin/../lib/gcc/arm-none-eabi/13.1.0/../../../../arm-none-eabi/lib/armv6k/fpu\libg.a(libc_a-freer.o)
                0x0010b7a8                _free_r
 .text.malloc   0x0010ba90       0x18 C:/Users/steph/OneDrive/Documents/Development/devkitPro/devkitARM/bin/../lib/gcc/arm-none-eabi/13.1.0/../../../../arm-none-eabi/lib/armv6k/fpu\libg.a(libc_a-malloc.o)
                0x0010ba90                malloc
 .text.free     0x0010baa8       0x18 C:/Users/steph/OneDrive/Documents/Development/devkitPro/devkitARM/bin/../lib/gcc/arm-none-eabi/13.1.0/../../../../arm-none-eabi/lib/armv6k/fpu\libg.a(libc_a-malloc.o)
                0x0010baa8                free
 .text.get_arg  0x0010bac0       0x50 C:/Users/steph/OneDrive/Documents/Development/devkitPro/devkitARM/bin/../lib/gcc/arm-none-eabi/13.1.0/../../../../arm-none-eabi/lib/armv6k/fpu\libg.a(libc_a-svfscanf.o)
 .text.__ssvfscanf_r
                0x0010bb10     0x2bf8 C:/Users/steph/OneDrive/Documents/Development/devkitPro/devkitARM/bin/../lib/gcc/arm-none-eabi/13.1.0/../../../../arm-none-eabi/lib/armv6k/fpu\libg.a(libc_a-svfscanf.o)
                0x0010bb10                __ssvfscanf_r
 .text._malloc_r
                0x0010e708      0x79c C:/Users/steph/OneDrive/Documents/Development/devkitPro/devkitARM/bin/../lib/gcc/arm-none-eabi/13.1.0/../../../../arm-none-eabi/lib/armv6k/fpu\libg.a(libc_a-mallocr.o)
                0x0010e708                _malloc_r
 .text.memset   0x0010eea4       0xf4 C:/Users/steph/OneDrive/Documents/Development/devkitPro/devkitARM/bin/../lib/gcc/arm-none-eabi/13.1.0/../../../../arm-none-eabi/lib/armv6k/fpu\libg.a(libc_a-memset.o)
                0x0010eea4                memset
 .text.__malloc_lock
                0x0010ef98        0xc C:/Users/steph/OneDrive/Documents/Development/devkitPro/devkitARM/bin/../lib/gcc/arm-none-eabi/13.1.0/../../../../arm-none-eabi/lib/armv6k/fpu\libg.a(libc_a-mlock.o)
                0x0010ef98                __malloc_lock
 .text.__malloc_unlock
                0x0010efa4        0xc C:/Users/steph/OneDrive/Documents/Development/devkitPro/devkitARM/bin/../lib/gcc/arm-none-eabi/13.1.0/../../../../arm-none-eabi/lib/armv6k/fpu\libg.a(libc_a-mlock.o)
                0x0010efa4                __malloc_unlock
 .text.get_arg  0x0010efb0      0x64c C:/Users/steph/OneDrive/Documents/Development/devkitPro/devkitARM/bin/../lib/gcc/arm-none-eabi/13.1.0/../../../../arm-none-eabi/lib/armv6k/fpu\libg.a(libc_a-vfprintf.o)
 *fill*         0x0010f5fc        0x4 
 .text._vfprintf_r
                0x0010f600     0x3378 C:/Users/steph/OneDrive/Documents/Development/devkitPro/devkitARM/bin/../lib/gcc/arm-none-eabi/13.1.0/../../../../arm-none-eabi/lib/armv6k/fpu\libg.a(libc_a-vfprintf.o)
                0x0010f600                _vfprintf_r
 .text.__sbprintf
                0x00112978       0xb8 C:/Users/steph/OneDrive/Documents/Development/devkitPro/devkitARM/bin/../lib/gcc/arm-none-eabi/13.1.0/../../../../arm-none-eabi/lib/armv6k/fpu\libg.a(libc_a-vfprintf.o)
 .text.strlen   0x00112a30       0x90 C:/Users/steph/OneDrive/Documents/Development/devkitPro/devkitARM/bin/../lib/gcc/arm-none-eabi/13.1.0/../../../../arm-none-eabi/lib/armv6k/fpu\libg.a(libc_a-strlen.o)
                0x00112a30                strlen
 .text.__sflush_r
                0x00112ac0      0x22c C:/Users/steph/OneDrive/Documents/Development/devkitPro/devkitARM/bin/../lib/gcc/arm-none-eabi/13.1.0/../../../../arm-none-eabi/lib/armv6k/fpu\libg.a(libc_a-fflush.o)
                0x00112ac0                __sflush_r
 .text._fflush_r
                0x00112cec       0x94 C:/Users/steph/OneDrive/Documents/Development/devkitPro/devkitARM/bin/../lib/gcc/arm-none-eabi/13.1.0/../../../../arm-none-eabi/lib/armv6k/fpu\libg.a(libc_a-fflush.o)
                0x00112cec                _fflush_r
 .text.strncat  0x00112d80       0xe4 C:/Users/steph/OneDrive/Documents/Development/devkitPro/devkitARM/bin/../lib/gcc/arm-none-eabi/13.1.0/../../../../arm-none-eabi/lib/armv6k/fpu\libg.a(libc_a-strncat.o)
                0x00112d80                strncat
 .text.strncmp  0x00112e64       0xe4 C:/Users/steph/OneDrive/Documents/Development/devkitPro/devkitARM/bin/../lib/gcc/arm-none-eabi/13.1.0/../../../../arm-none-eabi/lib/armv6k/fpu\libg.a(libc_a-strncmp.o)
                0x00112e64                strncmp
 .text._fwalk_sglue
                0x00112f48       0x70 C:/Users/steph/OneDrive/Documents/Development/devkitPro/devkitARM/bin/../lib/gcc/arm-none-eabi/13.1.0/../../../../arm-none-eabi/lib/armv6k/fpu\libg.a(libc_a-fwalk.o)
                0x00112f48                _fwalk_sglue
 .text.strncpy  0x00112fb8       0xc4 C:/Users/steph/OneDrive/Documents/Development/devkitPro/devkitARM/bin/../lib/gcc/arm-none-eabi/13.1.0/../../../../arm-none-eabi/lib/armv6k/fpu\libg.a(libc_a-strncpy.o)
                0x00112fb8                strncpy
 .text.stdio_exit_handler
                0x0011307c       0x1c C:/Users/steph/OneDrive/Documents/Development/devkitPro/devkitARM/bin/../lib/gcc/arm-none-eabi/13.1.0/../../../../arm-none-eabi/lib/armv6k/fpu\libg.a(libc_a-findfp.o)
 .text.cleanup_stdio
                0x00113098       0x5c C:/Users/steph/OneDrive/Documents/Development/devkitPro/devkitARM/bin/../lib/gcc/arm-none-eabi/13.1.0/../../../../arm-none-eabi/lib/armv6k/fpu\libg.a(libc_a-findfp.o)
 .text.global_stdio_init.part.0
                0x001130f4      0x154 C:/Users/steph/OneDrive/Documents/Development/devkitPro/devkitARM/bin/../lib/gcc/arm-none-eabi/13.1.0/../../../../arm-none-eabi/lib/armv6k/fpu\libg.a(libc_a-findfp.o)
 .text.__sinit  0x00113248       0x5c C:/Users/steph/OneDrive/Documents/Development/devkitPro/devkitARM/bin/../lib/gcc/arm-none-eabi/13.1.0/../../../../arm-none-eabi/lib/armv6k/fpu\libg.a(libc_a-findfp.o)
                0x00113248                __sinit
 .text.__sfp_lock_acquire
                0x001132a4        0xc C:/Users/steph/OneDrive/Documents/Development/devkitPro/devkitARM/bin/../lib/gcc/arm-none-eabi/13.1.0/../../../../arm-none-eabi/lib/armv6k/fpu\libg.a(libc_a-findfp.o)
                0x001132a4                __sfp_lock_acquire
 .text.__sfp_lock_release
                0x001132b0        0xc C:/Users/steph/OneDrive/Documents/Development/devkitPro/devkitARM/bin/../lib/gcc/arm-none-eabi/13.1.0/../../../../arm-none-eabi/lib/armv6k/fpu\libg.a(libc_a-findfp.o)
                0x001132b0                __sfp_lock_release
 .text.srand    0x001132bc       0x1c C:/Users/steph/OneDrive/Documents/Development/devkitPro/devkitARM/bin/../lib/gcc/arm-none-eabi/13.1.0/../../../../arm-none-eabi/lib/armv6k/fpu\libg.a(libc_a-rand.o)
                0x001132bc                srand
 .text.rand     0x001132d8       0x44 C:/Users/steph/OneDrive/Documents/Development/devkitPro/devkitARM/bin/../lib/gcc/arm-none-eabi/13.1.0/../../../../arm-none-eabi/lib/armv6k/fpu\libg.a(libc_a-rand.o)
                0x001132d8                rand
 .text.strnlen  0x0011331c       0x48 C:/Users/steph/OneDrive/Documents/Development/devkitPro/devkitARM/bin/../lib/gcc/arm-none-eabi/13.1.0/../../../../arm-none-eabi/lib/armv6k/fpu\libg.a(libc_a-strnlen.o)
                0x0011331c                strnlen
 .text.sulp     0x00113364       0x64 C:/Users/steph/OneDrive/Documents/Development/devkitPro/devkitARM/bin/../lib/gcc/arm-none-eabi/13.1.0/../../../../arm-none-eabi/lib/armv6k/fpu\libg.a(libc_a-strtod.o)
 .text._strtod_l
                0x001133c8     0x13a4 C:/Users/steph/OneDrive/Documents/Development/devkitPro/devkitARM/bin/../lib/gcc/arm-none-eabi/13.1.0/../../../../arm-none-eabi/lib/armv6k/fpu\libg.a(libc_a-strtod.o)
                0x001133c8                _strtod_l
 .text._strtod_r
                0x0011476c       0x3c C:/Users/steph/OneDrive/Documents/Development/devkitPro/devkitARM/bin/../lib/gcc/arm-none-eabi/13.1.0/../../../../arm-none-eabi/lib/armv6k/fpu\libg.a(libc_a-strtod.o)
                0x0011476c                _strtod_r
 .text._strtol_l.part.0
                0x001147a8      0x1b0 C:/Users/steph/OneDrive/Documents/Development/devkitPro/devkitARM/bin/../lib/gcc/arm-none-eabi/13.1.0/../../../../arm-none-eabi/lib/armv6k/fpu\libg.a(libc_a-strtol.o)
 .text._strtol_r
                0x00114958       0x60 C:/Users/steph/OneDrive/Documents/Development/devkitPro/devkitARM/bin/../lib/gcc/arm-none-eabi/13.1.0/../../../../arm-none-eabi/lib/armv6k/fpu\libg.a(libc_a-strtol.o)
                0x00114958                _strtol_r
 .text.realloc  0x001149b8       0x20 C:/Users/steph/OneDrive/Documents/Development/devkitPro/devkitARM/bin/../lib/gcc/arm-none-eabi/13.1.0/../../../../arm-none-eabi/lib/armv6k/fpu\libg.a(libc_a-realloc.o)
                0x001149b8                realloc
 .text._strtoul_l.isra.0
                0x001149d8      0x1d8 C:/Users/steph/OneDrive/Documents/Development/devkitPro/devkitARM/bin/../lib/gcc/arm-none-eabi/13.1.0/../../../../arm-none-eabi/lib/armv6k/fpu\libg.a(libc_a-strtoul.o)
 .text._strtoul_r
                0x00114bb0       0x30 C:/Users/steph/OneDrive/Documents/Development/devkitPro/devkitARM/bin/../lib/gcc/arm-none-eabi/13.1.0/../../../../arm-none-eabi/lib/armv6k/fpu\libg.a(libc_a-strtoul.o)
                0x00114bb0                _strtoul_r
 .text.strtoul  0x00114be0       0x34 C:/Users/steph/OneDrive/Documents/Development/devkitPro/devkitARM/bin/../lib/gcc/arm-none-eabi/13.1.0/../../../../arm-none-eabi/lib/armv6k/fpu\libg.a(libc_a-strtoul.o)
                0x00114be0                strtoul
 .text.__locale_mb_cur_max
                0x00114c14       0x24 C:/Users/steph/OneDrive/Documents/Development/devkitPro/devkitARM/bin/../lib/gcc/arm-none-eabi/13.1.0/../../../../arm-none-eabi/lib/armv6k/fpu\libg.a(libc_a-locale.o)
                0x00114c14                __locale_mb_cur_max
 .text.time     0x00114c38       0x4c C:/Users/steph/OneDrive/Documents/Development/devkitPro/devkitARM/bin/../lib/gcc/arm-none-eabi/13.1.0/../../../../arm-none-eabi/lib/armv6k/fpu\libg.a(libc_a-time.o)
                0x00114c38                time
 .text._localeconv_r
                0x00114c84       0x24 C:/Users/steph/OneDrive/Documents/Development/devkitPro/devkitARM/bin/../lib/gcc/arm-none-eabi/13.1.0/../../../../arm-none-eabi/lib/armv6k/fpu\libg.a(libc_a-localeconv.o)
                0x00114c84                _localeconv_r
 .text.memchr   0x00114ca8       0xe0 C:/Users/steph/OneDrive/Documents/Development/devkitPro/devkitARM/bin/../lib/gcc/arm-none-eabi/13.1.0/../../../../arm-none-eabi/lib/armv6k/fpu\libg.a(libc_a-memchr-stub.o)
                0x00114ca8                memchr
 .text.__utf8_wctomb
                0x00114d88       0xf0 C:/Users/steph/OneDrive/Documents/Development/devkitPro/devkitARM/bin/../lib/gcc/arm-none-eabi/13.1.0/../../../../arm-none-eabi/lib/armv6k/fpu\libg.a(libc_a-wctomb_r.o)
                0x00114d88                __utf8_wctomb
 .text.memcpy   0x00114e78      0x11c C:/Users/steph/OneDrive/Documents/Development/devkitPro/devkitARM/bin/../lib/gcc/arm-none-eabi/13.1.0/../../../../arm-none-eabi/lib/armv6k/fpu\libg.a(libc_a-memcpy-stub.o)
                0x00114e78                memcpy
 .text.stpncpy  0x00114f94       0xdc C:/Users/steph/OneDrive/Documents/Development/devkitPro/devkitARM/bin/../lib/gcc/arm-none-eabi/13.1.0/../../../../arm-none-eabi/lib/armv6k/fpu\libg.a(libc_a-stpncpy.o)
                0x00114f94                stpncpy
 .text.__libc_init_array
                0x00115070       0x84 C:/Users/steph/OneDrive/Documents/Development/devkitPro/devkitARM/bin/../lib/gcc/arm-none-eabi/13.1.0/../../../../arm-none-eabi/lib/armv6k/fpu\libg.a(libc_a-init.o)
                0x00115070                __libc_init_array
 .text.__libc_fini_array
                0x001150f4       0x3c C:/Users/steph/OneDrive/Documents/Development/devkitPro/devkitARM/bin/../lib/gcc/arm-none-eabi/13.1.0/../../../../arm-none-eabi/lib/armv6k/fpu\libg.a(libc_a-fini.o)
                0x001150f4                __libc_fini_array
 .text.__errno  0x00115130        0xc C:/Users/steph/OneDrive/Documents/Development/devkitPro/devkitARM/bin/../lib/gcc/arm-none-eabi/13.1.0/../../../../arm-none-eabi/lib/armv6k/fpu\libg.a(libc_a-errno.o)
                0x00115130                __errno
 *fill*         0x0011513c        0x4 
 .text.nan      0x00115140       0x10 C:/Users/steph/OneDrive/Documents/Development/devkitPro/devkitARM/bin/../lib/gcc/arm-none-eabi/13.1.0/../../../../arm-none-eabi/lib/armv6k/fpu\libg.a(libm_a-s_nan.o)
                0x00115140                nan
 .text.nanf     0x00115150        0xc C:/Users/steph/OneDrive/Documents/Development/devkitPro/devkitARM/bin/../lib/gcc/arm-none-eabi/13.1.0/../../../../arm-none-eabi/lib/armv6k/fpu\libg.a(libm_a-sf_nan.o)
                0x00115150                nanf
 *fill*         0x0011515c        0x4 
 .text.frexp    0x00115160       0x88 C:/Users/steph/OneDrive/Documents/Development/devkitPro/devkitARM/bin/../lib/gcc/arm-none-eabi/13.1.0/../../../../arm-none-eabi/lib/armv6k/fpu\libg.a(libm_a-s_frexp.o)
                0x00115160                frexp
 .text._strtoll_l.isra.0
                0x001151e8      0x234 C:/Users/steph/OneDrive/Documents/Development/devkitPro/devkitARM/bin/../lib/gcc/arm-none-eabi/13.1.0/../../../../arm-none-eabi/lib/armv6k/fpu\libg.a(libc_a-strtoll.o)
 .text._strtoll_r
                0x0011541c       0x30 C:/Users/steph/OneDrive/Documents/Development/devkitPro/devkitARM/bin/../lib/gcc/arm-none-eabi/13.1.0/../../../../arm-none-eabi/lib/armv6k/fpu\libg.a(libc_a-strtoll.o)
                0x0011541c                _strtoll_r
 .text._strtoull_l.isra.0
                0x0011544c      0x25c C:/Users/steph/OneDrive/Documents/Development/devkitPro/devkitARM/bin/../lib/gcc/arm-none-eabi/13.1.0/../../../../arm-none-eabi/lib/armv6k/fpu\libg.a(libc_a-strtoull.o)
 .text._strtoull_r
                0x001156a8       0x30 C:/Users/steph/OneDrive/Documents/Development/devkitPro/devkitARM/bin/../lib/gcc/arm-none-eabi/13.1.0/../../../../arm-none-eabi/lib/armv6k/fpu\libg.a(libc_a-strtoull.o)
                0x001156a8                _strtoull_r
 .text.iswspace
                0x001156d8        0x8 C:/Users/steph/OneDrive/Documents/Development/devkitPro/devkitARM/bin/../lib/gcc/arm-none-eabi/13.1.0/../../../../arm-none-eabi/lib/armv6k/fpu\libg.a(libc_a-iswspace.o)
                0x001156d8                iswspace
 .text._mbrtowc_r
                0x001156e0       0xb4 C:/Users/steph/OneDrive/Documents/Development/devkitPro/devkitARM/bin/../lib/gcc/arm-none-eabi/13.1.0/../../../../arm-none-eabi/lib/armv6k/fpu\libg.a(libc_a-mbrtowc.o)
                0x001156e0                _mbrtowc_r
 .text.__smakebuf_r
                0x00115794      0x12c C:/Users/steph/OneDrive/Documents/Development/devkitPro/devkitARM/bin/../lib/gcc/arm-none-eabi/13.1.0/../../../../arm-none-eabi/lib/armv6k/fpu\libg.a(libc_a-makebuf.o)
                0x00115794                __smakebuf_r
 .text.__swhatbuf_r
                0x001158c0       0x8c C:/Users/steph/OneDrive/Documents/Development/devkitPro/devkitARM/bin/../lib/gcc/arm-none-eabi/13.1.0/../../../../arm-none-eabi/lib/armv6k/fpu\libg.a(libc_a-makebuf.o)
                0x001158c0                __swhatbuf_r
 .text._wcrtomb_r
                0x0011594c       0xa0 C:/Users/steph/OneDrive/Documents/Development/devkitPro/devkitARM/bin/../lib/gcc/arm-none-eabi/13.1.0/../../../../arm-none-eabi/lib/armv6k/fpu\libg.a(libc_a-wcrtomb.o)
                0x0011594c                _wcrtomb_r
 .text.iswspace_l
                0x001159ec       0x38 C:/Users/steph/OneDrive/Documents/Development/devkitPro/devkitARM/bin/../lib/gcc/arm-none-eabi/13.1.0/../../../../arm-none-eabi/lib/armv6k/fpu\libg.a(libc_a-iswspace_l.o)
                0x001159ec                iswspace_l
 .text._wcsrtombs_r
                0x00115a24       0x28 C:/Users/steph/OneDrive/Documents/Development/devkitPro/devkitARM/bin/../lib/gcc/arm-none-eabi/13.1.0/../../../../arm-none-eabi/lib/armv6k/fpu\libg.a(libc_a-wcsrtombs.o)
                0x00115a24                _wcsrtombs_r
 .text.sprintf  0x00115a4c       0x64 C:/Users/steph/OneDrive/Documents/Development/devkitPro/devkitARM/bin/../lib/gcc/arm-none-eabi/13.1.0/../../../../arm-none-eabi/lib/armv6k/fpu\libg.a(libc_a-sprintf.o)
                0x00115a4c                sprintf
 .text.__sccl   0x00115ab0       0xf0 C:/Users/steph/OneDrive/Documents/Development/devkitPro/devkitARM/bin/../lib/gcc/arm-none-eabi/13.1.0/../../../../arm-none-eabi/lib/armv6k/fpu\libg.a(libc_a-sccl.o)
                0x00115ab0                __sccl
 .text.category
                0x00115ba0       0x90 C:/Users/steph/OneDrive/Documents/Development/devkitPro/devkitARM/bin/../lib/gcc/arm-none-eabi/13.1.0/../../../../arm-none-eabi/lib/armv6k/fpu\libg.a(libc_a-categories.o)
                0x00115ba0                category
 .text.get_arg  0x00115c30      0x64c C:/Users/steph/OneDrive/Documents/Development/devkitPro/devkitARM/bin/../lib/gcc/arm-none-eabi/13.1.0/../../../../arm-none-eabi/lib/armv6k/fpu\libg.a(libc_a-vfiprintf.o)
 .text.__sprint_r
                0x0011627c       0x30 C:/Users/steph/OneDrive/Documents/Development/devkitPro/devkitARM/bin/../lib/gcc/arm-none-eabi/13.1.0/../../../../arm-none-eabi/lib/armv6k/fpu\libg.a(libc_a-vfiprintf.o)
                0x0011627c                __sprint_r
 .text._vfiprintf_r
                0x001162ac     0x2304 C:/Users/steph/OneDrive/Documents/Development/devkitPro/devkitARM/bin/../lib/gcc/arm-none-eabi/13.1.0/../../../../arm-none-eabi/lib/armv6k/fpu\libg.a(libc_a-vfiprintf.o)
                0x001162ac                _vfiprintf_r
 .text.__sbprintf
                0x001185b0       0xb8 C:/Users/steph/OneDrive/Documents/Development/devkitPro/devkitARM/bin/../lib/gcc/arm-none-eabi/13.1.0/../../../../arm-none-eabi/lib/armv6k/fpu\libg.a(libc_a-vfiprintf.o)
 .text.__ssprint_r
                0x00118668      0x18c C:/Users/steph/OneDrive/Documents/Development/devkitPro/devkitARM/bin/../lib/gcc/arm-none-eabi/13.1.0/../../../../arm-none-eabi/lib/armv6k/fpu\libg.a(libc_a-svfiprintf.o)
                0x00118668                __ssprint_r
 .text._sungetc_r
                0x001187f4       0xe0 C:/Users/steph/OneDrive/Documents/Development/devkitPro/devkitARM/bin/../lib/gcc/arm-none-eabi/13.1.0/../../../../arm-none-eabi/lib/armv6k/fpu\libg.a(libc_a-svfiscanf.o)
                0x001187f4                _sungetc_r
 .text.__ssrefill_r
                0x001188d4       0x6c C:/Users/steph/OneDrive/Documents/Development/devkitPro/devkitARM/bin/../lib/gcc/arm-none-eabi/13.1.0/../../../../arm-none-eabi/lib/armv6k/fpu\libg.a(libc_a-svfiscanf.o)
                0x001188d4                __ssrefill_r
 .text._sfread_r
                0x00118940       0xc4 C:/Users/steph/OneDrive/Documents/Development/devkitPro/devkitARM/bin/../lib/gcc/arm-none-eabi/13.1.0/../../../../arm-none-eabi/lib/armv6k/fpu\libg.a(libc_a-svfiscanf.o)
                0x00118940                _sfread_r
 .text.__swsetup_r
                0x00118a04      0x138 C:/Users/steph/OneDrive/Documents/Development/devkitPro/devkitARM/bin/../lib/gcc/arm-none-eabi/13.1.0/../../../../arm-none-eabi/lib/armv6k/fpu\libg.a(libc_a-wsetup.o)
                0x00118a04                __swsetup_r
 .text.rshift   0x00118b3c       0xf0 C:/Users/steph/OneDrive/Documents/Development/devkitPro/devkitARM/bin/../lib/gcc/arm-none-eabi/13.1.0/../../../../arm-none-eabi/lib/armv6k/fpu\libg.a(libc_a-gdtoa-gethex.o)
 .text.__gethex
                0x00118c2c      0x89c C:/Users/steph/OneDrive/Documents/Development/devkitPro/devkitARM/bin/../lib/gcc/arm-none-eabi/13.1.0/../../../../arm-none-eabi/lib/armv6k/fpu\libg.a(libc_a-gdtoa-gethex.o)
                0x00118c2c                __gethex
 .text.quorem   0x001194c8      0x1b4 C:/Users/steph/OneDrive/Documents/Development/devkitPro/devkitARM/bin/../lib/gcc/arm-none-eabi/13.1.0/../../../../arm-none-eabi/lib/armv6k/fpu\libg.a(libc_a-dtoa.o)
 *fill*         0x0011967c        0x4 
 .text._dtoa_r  0x00119680     0x1218 C:/Users/steph/OneDrive/Documents/Development/devkitPro/devkitARM/bin/../lib/gcc/arm-none-eabi/13.1.0/../../../../arm-none-eabi/lib/armv6k/fpu\libg.a(libc_a-dtoa.o)
                0x00119680                _dtoa_r
 .text.strchr   0x0011a898      0x130 C:/Users/steph/OneDrive/Documents/Development/devkitPro/devkitARM/bin/../lib/gcc/arm-none-eabi/13.1.0/../../../../arm-none-eabi/lib/armv6k/fpu\libg.a(libc_a-strchr.o)
                0x0011a898                strchr
 .text._fclose_r
                0x0011a9c8      0x148 C:/Users/steph/OneDrive/Documents/Development/devkitPro/devkitARM/bin/../lib/gcc/arm-none-eabi/13.1.0/../../../../arm-none-eabi/lib/armv6k/fpu\libg.a(libc_a-fclose.o)
                0x0011a9c8                _fclose_r
 .text.get_arg  0x0011ab10      0x64c C:/Users/steph/OneDrive/Documents/Development/devkitPro/devkitARM/bin/../lib/gcc/arm-none-eabi/13.1.0/../../../../arm-none-eabi/lib/armv6k/fpu\libg.a(libc_a-svfprintf.o)
 *fill*         0x0011b15c        0x4 
 .text._svfprintf_r
                0x0011b160     0x3324 C:/Users/steph/OneDrive/Documents/Development/devkitPro/devkitARM/bin/../lib/gcc/arm-none-eabi/13.1.0/../../../../arm-none-eabi/lib/armv6k/fpu\libg.a(libc_a-svfprintf.o)
                0x0011b160                _svfprintf_r
 .text.__match  0x0011e484       0x4c C:/Users/steph/OneDrive/Documents/Development/devkitPro/devkitARM/bin/../lib/gcc/arm-none-eabi/13.1.0/../../../../arm-none-eabi/lib/armv6k/fpu\libg.a(libc_a-gdtoa-hexnan.o)
                0x0011e484                __match
 .text.__hexnan
                0x0011e4d0      0x29c C:/Users/steph/OneDrive/Documents/Development/devkitPro/devkitARM/bin/../lib/gcc/arm-none-eabi/13.1.0/../../../../arm-none-eabi/lib/armv6k/fpu\libg.a(libc_a-gdtoa-hexnan.o)
                0x0011e4d0                __hexnan
 .text.memmove  0x0011e76c      0x150 C:/Users/steph/OneDrive/Documents/Development/devkitPro/devkitARM/bin/../lib/gcc/arm-none-eabi/13.1.0/../../../../arm-none-eabi/lib/armv6k/fpu\libg.a(libc_a-memmove.o)
                0x0011e76c                memmove
 .text._Balloc  0x0011e8bc       0x88 C:/Users/steph/OneDrive/Documents/Development/devkitPro/devkitARM/bin/../lib/gcc/arm-none-eabi/13.1.0/../../../../arm-none-eabi/lib/armv6k/fpu\libg.a(libc_a-mprec.o)
                0x0011e8bc                _Balloc
 .text._Bfree   0x0011e944       0x1c C:/Users/steph/OneDrive/Documents/Development/devkitPro/devkitARM/bin/../lib/gcc/arm-none-eabi/13.1.0/../../../../arm-none-eabi/lib/armv6k/fpu\libg.a(libc_a-mprec.o)
                0x0011e944                _Bfree
 .text.__multadd
                0x0011e960       0xf4 C:/Users/steph/OneDrive/Documents/Development/devkitPro/devkitARM/bin/../lib/gcc/arm-none-eabi/13.1.0/../../../../arm-none-eabi/lib/armv6k/fpu\libg.a(libc_a-mprec.o)
                0x0011e960                __multadd
 .text.__s2b    0x0011ea54      0x110 C:/Users/steph/OneDrive/Documents/Development/devkitPro/devkitARM/bin/../lib/gcc/arm-none-eabi/13.1.0/../../../../arm-none-eabi/lib/armv6k/fpu\libg.a(libc_a-mprec.o)
                0x0011ea54                __s2b
 .text.__hi0bits
                0x0011eb64       0x60 C:/Users/steph/OneDrive/Documents/Development/devkitPro/devkitARM/bin/../lib/gcc/arm-none-eabi/13.1.0/../../../../arm-none-eabi/lib/armv6k/fpu\libg.a(libc_a-mprec.o)
                0x0011eb64                __hi0bits
 .text.__lo0bits
                0x0011ebc4       0x9c C:/Users/steph/OneDrive/Documents/Development/devkitPro/devkitARM/bin/../lib/gcc/arm-none-eabi/13.1.0/../../../../arm-none-eabi/lib/armv6k/fpu\libg.a(libc_a-mprec.o)
                0x0011ebc4                __lo0bits
 .text.__i2b    0x0011ec60       0xa4 C:/Users/steph/OneDrive/Documents/Development/devkitPro/devkitARM/bin/../lib/gcc/arm-none-eabi/13.1.0/../../../../arm-none-eabi/lib/armv6k/fpu\libg.a(libc_a-mprec.o)
                0x0011ec60                __i2b
 .text.__multiply
                0x0011ed04      0x204 C:/Users/steph/OneDrive/Documents/Development/devkitPro/devkitARM/bin/../lib/gcc/arm-none-eabi/13.1.0/../../../../arm-none-eabi/lib/armv6k/fpu\libg.a(libc_a-mprec.o)
                0x0011ed04                __multiply
 .text.__pow5mult
                0x0011ef08      0x128 C:/Users/steph/OneDrive/Documents/Development/devkitPro/devkitARM/bin/../lib/gcc/arm-none-eabi/13.1.0/../../../../arm-none-eabi/lib/armv6k/fpu\libg.a(libc_a-mprec.o)
                0x0011ef08                __pow5mult
 .text.__lshift
                0x0011f030      0x140 C:/Users/steph/OneDrive/Documents/Development/devkitPro/devkitARM/bin/../lib/gcc/arm-none-eabi/13.1.0/../../../../arm-none-eabi/lib/armv6k/fpu\libg.a(libc_a-mprec.o)
                0x0011f030                __lshift
 .text.__mcmp   0x0011f170       0x58 C:/Users/steph/OneDrive/Documents/Development/devkitPro/devkitARM/bin/../lib/gcc/arm-none-eabi/13.1.0/../../../../arm-none-eabi/lib/armv6k/fpu\libg.a(libc_a-mprec.o)
                0x0011f170                __mcmp
 .text.__mdiff  0x0011f1c8      0x1fc C:/Users/steph/OneDrive/Documents/Development/devkitPro/devkitARM/bin/../lib/gcc/arm-none-eabi/13.1.0/../../../../arm-none-eabi/lib/armv6k/fpu\libg.a(libc_a-mprec.o)
                0x0011f1c8                __mdiff
 .text.__ulp    0x0011f3c4       0x68 C:/Users/steph/OneDrive/Documents/Development/devkitPro/devkitARM/bin/../lib/gcc/arm-none-eabi/13.1.0/../../../../arm-none-eabi/lib/armv6k/fpu\libg.a(libc_a-mprec.o)
                0x0011f3c4                __ulp
 .text.__b2d    0x0011f42c       0xd0 C:/Users/steph/OneDrive/Documents/Development/devkitPro/devkitARM/bin/../lib/gcc/arm-none-eabi/13.1.0/../../../../arm-none-eabi/lib/armv6k/fpu\libg.a(libc_a-mprec.o)
                0x0011f42c                __b2d
 .text.__d2b    0x0011f4fc      0x124 C:/Users/steph/OneDrive/Documents/Development/devkitPro/devkitARM/bin/../lib/gcc/arm-none-eabi/13.1.0/../../../../arm-none-eabi/lib/armv6k/fpu\libg.a(libc_a-mprec.o)
                0x0011f4fc                __d2b
 .text.__ratio  0x0011f620       0x78 C:/Users/steph/OneDrive/Documents/Development/devkitPro/devkitARM/bin/../lib/gcc/arm-none-eabi/13.1.0/../../../../arm-none-eabi/lib/armv6k/fpu\libg.a(libc_a-mprec.o)
                0x0011f620                __ratio
 .text.__copybits
                0x0011f698       0x88 C:/Users/steph/OneDrive/Documents/Development/devkitPro/devkitARM/bin/../lib/gcc/arm-none-eabi/13.1.0/../../../../arm-none-eabi/lib/armv6k/fpu\libg.a(libc_a-mprec.o)
                0x0011f698                __copybits
 .text.__any_on
                0x0011f720       0x5c C:/Users/steph/OneDrive/Documents/Development/devkitPro/devkitARM/bin/../lib/gcc/arm-none-eabi/13.1.0/../../../../arm-none-eabi/lib/armv6k/fpu\libg.a(libc_a-mprec.o)
                0x0011f720                __any_on
 .text.__sfvwrite_r
                0x0011f77c      0x4b4 C:/Users/steph/OneDrive/Documents/Development/devkitPro/devkitARM/bin/../lib/gcc/arm-none-eabi/13.1.0/../../../../arm-none-eabi/lib/armv6k/fpu\libg.a(libc_a-fvwrite.o)
                0x0011f77c                __sfvwrite_r
 .text._realloc_r
                0x0011fc30      0x4a0 C:/Users/steph/OneDrive/Documents/Development/devkitPro/devkitARM/bin/../lib/gcc/arm-none-eabi/13.1.0/../../../../arm-none-eabi/lib/armv6k/fpu\libg.a(libc_a-reallocr.o)
                0x0011fc30                _realloc_r
 .text.__utf8_mbtowc
                0x001200d0      0x2f8 C:/Users/steph/OneDrive/Documents/Development/devkitPro/devkitARM/bin/../lib/gcc/arm-none-eabi/13.1.0/../../../../arm-none-eabi/lib/armv6k/fpu\libg.a(libc_a-mbtowc_r.o)
                0x001200d0                __utf8_mbtowc
 .text._wcsnrtombs_l
                0x001203c8      0x188 C:/Users/steph/OneDrive/Documents/Development/devkitPro/devkitARM/bin/../lib/gcc/arm-none-eabi/13.1.0/../../../../arm-none-eabi/lib/armv6k/fpu\libg.a(libc_a-wcsnrtombs.o)
                0x001203c8                _wcsnrtombs_l
 .text._wcsnrtombs_r
                0x00120550       0x64 C:/Users/steph/OneDrive/Documents/Development/devkitPro/devkitARM/bin/../lib/gcc/arm-none-eabi/13.1.0/../../../../arm-none-eabi/lib/armv6k/fpu\libg.a(libc_a-wcsnrtombs.o)
                0x00120550                _wcsnrtombs_r
 .text.__submore
                0x001205b4       0xa8 C:/Users/steph/OneDrive/Documents/Development/devkitPro/devkitARM/bin/../lib/gcc/arm-none-eabi/13.1.0/../../../../arm-none-eabi/lib/armv6k/fpu\libg.a(libc_a-ungetc.o)
                0x001205b4                __submore
 .text._calloc_r
                0x0012065c       0xc0 C:/Users/steph/OneDrive/Documents/Development/devkitPro/devkitARM/bin/../lib/gcc/arm-none-eabi/13.1.0/../../../../arm-none-eabi/lib/armv6k/fpu\libg.a(libc_a-callocr.o)
                0x0012065c                _calloc_r
 .text.__assert_func
                0x0012071c       0x5c C:/Users/steph/OneDrive/Documents/Development/devkitPro/devkitARM/bin/../lib/gcc/arm-none-eabi/13.1.0/../../../../arm-none-eabi/lib/armv6k/fpu\libg.a(libc_a-assert.o)
                0x0012071c                __assert_func
 .text.fiprintf
                0x00120778       0x3c C:/Users/steph/OneDrive/Documents/Development/devkitPro/devkitARM/bin/../lib/gcc/arm-none-eabi/13.1.0/../../../../arm-none-eabi/lib/armv6k/fpu\libg.a(libc_a-fiprintf.o)
                0x00120778                fiprintf
 .text.abort    0x001207b4       0x14 C:/Users/steph/OneDrive/Documents/Development/devkitPro/devkitARM/bin/../lib/gcc/arm-none-eabi/13.1.0/../../../../arm-none-eabi/lib/armv6k/fpu\libg.a(libc_a-abort.o)
                0x001207b4                abort
 .text._raise_r
                0x001207c8       0x90 C:/Users/steph/OneDrive/Documents/Development/devkitPro/devkitARM/bin/../lib/gcc/arm-none-eabi/13.1.0/../../../../arm-none-eabi/lib/armv6k/fpu\libg.a(libc_a-signal.o)
                0x001207c8                _raise_r
 .text.raise    0x00120858       0x18 C:/Users/steph/OneDrive/Documents/Development/devkitPro/devkitARM/bin/../lib/gcc/arm-none-eabi/13.1.0/../../../../arm-none-eabi/lib/armv6k/fpu\libg.a(libc_a-signal.o)
                0x00120858                raise
 .text._exit    0x00120870       0x20 C:/Users/steph/OneDrive/Documents/Development/devkitPro/devkitARM/bin/../lib/gcc/arm-none-eabi/13.1.0/../../../../arm-none-eabi/lib/armv6k/fpu\libsysbase.a(libsysbase_libsysbase_a-_exit.o)
                0x00120870                _exit
 .text.chdir    0x00120890      0x13c C:/Users/steph/OneDrive/Documents/Development/devkitPro/devkitARM/bin/../lib/gcc/arm-none-eabi/13.1.0/../../../../arm-none-eabi/lib/armv6k/fpu\libsysbase.a(libsysbase_libsysbase_a-chdir.o)
                0x00120890                chdir
 .text._concatenate_path
                0x001209cc      0x1cc C:/Users/steph/OneDrive/Documents/Development/devkitPro/devkitARM/bin/../lib/gcc/arm-none-eabi/13.1.0/../../../../arm-none-eabi/lib/armv6k/fpu\libsysbase.a(libsysbase_libsysbase_a-concatenate.o)
                0x001209cc                _concatenate_path
 .text._fstat_r
                0x00120b98       0x78 C:/Users/steph/OneDrive/Documents/Development/devkitPro/devkitARM/bin/../lib/gcc/arm-none-eabi/13.1.0/../../../../arm-none-eabi/lib/armv6k/fpu\libsysbase.a(libsysbase_libsysbase_a-fstat.o)
                0x00120b98                _fstat_r
 .text._getpid_r
                0x00120c10       0x14 C:/Users/steph/OneDrive/Documents/Development/devkitPro/devkitARM/bin/../lib/gcc/arm-none-eabi/13.1.0/../../../../arm-none-eabi/lib/armv6k/fpu\libsysbase.a(libsysbase_libsysbase_a-getpid.o)
                0x00120c10                _getpid_r
 .text.__getreent
                0x00120c24       0x2c C:/Users/steph/OneDrive/Documents/Development/devkitPro/devkitARM/bin/../lib/gcc/arm-none-eabi/13.1.0/../../../../arm-none-eabi/lib/armv6k/fpu\libsysbase.a(libsysbase_libsysbase_a-getreent.o)
                0x00120c24                __getreent
 .text._gettimeofday_r
                0x00120c50       0x30 C:/Users/steph/OneDrive/Documents/Development/devkitPro/devkitARM/bin/../lib/gcc/arm-none-eabi/13.1.0/../../../../arm-none-eabi/lib/armv6k/fpu\libsysbase.a(libsysbase_libsysbase_a-gettod.o)
                0x00120c50                _gettimeofday_r
 .text.__get_handle
                0x00120c80       0x3c C:/Users/steph/OneDrive/Documents/Development/devkitPro/devkitARM/bin/../lib/gcc/arm-none-eabi/13.1.0/../../../../arm-none-eabi/lib/armv6k/fpu\libsysbase.a(libsysbase_libsysbase_a-handle_manager.o)
                0x00120c80                __get_handle
 .text._close_r
                0x00120cbc       0xf4 C:/Users/steph/OneDrive/Documents/Development/devkitPro/devkitARM/bin/../lib/gcc/arm-none-eabi/13.1.0/../../../../arm-none-eabi/lib/armv6k/fpu\libsysbase.a(libsysbase_libsysbase_a-handle_manager.o)
                0x00120cbc                _close_r
 .text.null_write
                0x00120db0        0x8 C:/Users/steph/OneDrive/Documents/Development/devkitPro/devkitARM/bin/../lib/gcc/arm-none-eabi/13.1.0/../../../../arm-none-eabi/lib/armv6k/fpu\libsysbase.a(libsysbase_libsysbase_a-iosupport.o)
 .text.setDefaultDevice
                0x00120db8       0x18 C:/Users/steph/OneDrive/Documents/Development/devkitPro/devkitARM/bin/../lib/gcc/arm-none-eabi/13.1.0/../../../../arm-none-eabi/lib/armv6k/fpu\libsysbase.a(libsysbase_libsysbase_a-iosupport.o)
                0x00120db8                setDefaultDevice
 .text.FindDevice
                0x00120dd0       0xc8 C:/Users/steph/OneDrive/Documents/Development/devkitPro/devkitARM/bin/../lib/gcc/arm-none-eabi/13.1.0/../../../../arm-none-eabi/lib/armv6k/fpu\libsysbase.a(libsysbase_libsysbase_a-iosupport.o)
                0x00120dd0                FindDevice
 .text.RemoveDevice
                0x00120e98       0x28 C:/Users/steph/OneDrive/Documents/Development/devkitPro/devkitARM/bin/../lib/gcc/arm-none-eabi/13.1.0/../../../../arm-none-eabi/lib/armv6k/fpu\libsysbase.a(libsysbase_libsysbase_a-iosupport.o)
                0x00120e98                RemoveDevice
 .text.AddDevice
                0x00120ec0       0x9c C:/Users/steph/OneDrive/Documents/Development/devkitPro/devkitARM/bin/../lib/gcc/arm-none-eabi/13.1.0/../../../../arm-none-eabi/lib/armv6k/fpu\libsysbase.a(libsysbase_libsysbase_a-iosupport.o)
                0x00120ec0                AddDevice
 .text.GetDeviceOpTab
                0x00120f5c       0x20 C:/Users/steph/OneDrive/Documents/Development/devkitPro/devkitARM/bin/../lib/gcc/arm-none-eabi/13.1.0/../../../../arm-none-eabi/lib/armv6k/fpu\libsysbase.a(libsysbase_libsysbase_a-iosupport.o)
                0x00120f5c                GetDeviceOpTab
 .text._isatty_r
                0x00120f7c        0x8 C:/Users/steph/OneDrive/Documents/Development/devkitPro/devkitARM/bin/../lib/gcc/arm-none-eabi/13.1.0/../../../../arm-none-eabi/lib/armv6k/fpu\libsysbase.a(libsysbase_libsysbase_a-isatty.o)
                0x00120f7c                _isatty_r
 .text._kill_r  0x00120f84       0x14 C:/Users/steph/OneDrive/Documents/Development/devkitPro/devkitARM/bin/../lib/gcc/arm-none-eabi/13.1.0/../../../../arm-none-eabi/lib/armv6k/fpu\libsysbase.a(libsysbase_libsysbase_a-kill.o)
                0x00120f84                _kill_r
 .text._lseek_r
                0x00120f98       0x84 C:/Users/steph/OneDrive/Documents/Development/devkitPro/devkitARM/bin/../lib/gcc/arm-none-eabi/13.1.0/../../../../arm-none-eabi/lib/armv6k/fpu\libsysbase.a(libsysbase_libsysbase_a-lseek.o)
                0x00120f98                _lseek_r
 .text._read_r  0x0012101c       0x80 C:/Users/steph/OneDrive/Documents/Development/devkitPro/devkitARM/bin/../lib/gcc/arm-none-eabi/13.1.0/../../../../arm-none-eabi/lib/armv6k/fpu\libsysbase.a(libsysbase_libsysbase_a-read.o)
                0x0012101c                _read_r
 .text._sbrk_r  0x0012109c       0x78 C:/Users/steph/OneDrive/Documents/Development/devkitPro/devkitARM/bin/../lib/gcc/arm-none-eabi/13.1.0/../../../../arm-none-eabi/lib/armv6k/fpu\libsysbase.a(libsysbase_libsysbase_a-sbrk.o)
                0x0012109c                _sbrk_r
 .text.__libc_lock_acquire
                0x00121114       0x1c C:/Users/steph/OneDrive/Documents/Development/devkitPro/devkitARM/bin/../lib/gcc/arm-none-eabi/13.1.0/../../../../arm-none-eabi/lib/armv6k/fpu\libsysbase.a(libsysbase_libsysbase_a-syscall_support.o)
                0x00121114                __libc_lock_acquire
 .text.__libc_lock_release
                0x00121130       0x1c C:/Users/steph/OneDrive/Documents/Development/devkitPro/devkitARM/bin/../lib/gcc/arm-none-eabi/13.1.0/../../../../arm-none-eabi/lib/armv6k/fpu\libsysbase.a(libsysbase_libsysbase_a-syscall_support.o)
                0x00121130                __libc_lock_release
 .text.__libc_lock_acquire_recursive
                0x0012114c       0x1c C:/Users/steph/OneDrive/Documents/Development/devkitPro/devkitARM/bin/../lib/gcc/arm-none-eabi/13.1.0/../../../../arm-none-eabi/lib/armv6k/fpu\libsysbase.a(libsysbase_libsysbase_a-syscall_support.o)
                0x0012114c                __libc_lock_acquire_recursive
 .text.__libc_lock_release_recursive
                0x00121168       0x1c C:/Users/steph/OneDrive/Documents/Development/devkitPro/devkitARM/bin/../lib/gcc/arm-none-eabi/13.1.0/../../../../arm-none-eabi/lib/armv6k/fpu\libsysbase.a(libsysbase_libsysbase_a-syscall_support.o)
                0x00121168                __libc_lock_release_recursive
 .text._write_r
                0x00121184       0x80 C:/Users/steph/OneDrive/Documents/Development/devkitPro/devkitARM/bin/../lib/gcc/arm-none-eabi/13.1.0/../../../../arm-none-eabi/lib/armv6k/fpu\libsysbase.a(libsysbase_libsysbase_a-write.o)
                0x00121184                _write_r
 .text.__fixdfdi
                0x00121204       0x38 C:/Users/steph/OneDrive/Documents/Development/devkitPro/devkitARM/bin/../lib/gcc/arm-none-eabi/13.1.0/armv6k/fpu\libgcc.a(_fixdfdi.o)
                0x00121204                __fixdfdi
                0x00121204                __aeabi_d2lz
 *fill*         0x0012123c        0x4 
 .text.__fixunsdfdi
                0x00121240       0x40 C:/Users/steph/OneDrive/Documents/Development/devkitPro/devkitARM/bin/../lib/gcc/arm-none-eabi/13.1.0/armv6k/fpu\libgcc.a(_fixunsdfdi.o)
                0x00121240                __fixunsdfdi
                0x00121240                __aeabi_d2ulz
 .text.strrchr  0x00121280       0x48 C:/Users/steph/OneDrive/Documents/Development/devkitPro/devkitARM/bin/../lib/gcc/arm-none-eabi/13.1.0/../../../../arm-none-eabi/lib/armv6k/fpu\libg.a(libc_a-strrchr.o)
                0x00121280                strrchr
 *(.glue_7)
 .glue_7        0x001212c8        0x0 linker stubs
 *(.glue_7t)
 .glue_7t       0x001212c8        0x0 linker stubs
 *(.stub)
 *(.gnu.warning)
 *(.gnu.linkonce.t*)
                0x001212c8                        . = ALIGN (0x4)
 *(.fini)
 .fini          0x001212c8        0xc C:/Users/steph/OneDrive/Documents/Development/devkitPro/devkitARM/bin/../lib/gcc/arm-none-eabi/13.1.0/armv6k/fpu/crti.o
                0x001212c8                _fini
 .fini          0x001212d4        0xc C:/Users/steph/OneDrive/Documents/Development/devkitPro/devkitARM/bin/../lib/gcc/arm-none-eabi/13.1.0/armv6k/fpu/crtn.o
                0x001212e0                        . = ALIGN (0x4)

.vfp11_veneer   0x001212e0        0x0
 .vfp11_veneer  0x001212e0        0x0 linker stubs

.v4_bx          0x001212e0        0x0
 .v4_bx         0x001212e0        0x0 linker stubs

.iplt           0x001212e0        0x0
 .iplt          0x001212e0        0x0 C:/Users/steph/OneDrive/Documents/Development/devkitPro/devkitARM/bin/../lib/gcc/arm-none-eabi/13.1.0/../../../../arm-none-eabi/lib/armv6k/fpu/3dsx_crt0.o
                0x00122000                        . = ALIGN (0x1000)

.rodata         0x00122000     0x489c
 *(.rodata)
 .rodata        0x00122000        0xc C:/Users/steph/OneDrive/Documents/Development/devkitPro/libctru/lib\libctru.a(archive_dev.o)
 *(.roda)
 *(.rodata.*)
 .rodata.str1.4
                0x0012200c       0xaa main.o
 *fill*         0x001220b6        0x2 
 .rodata.parseColor.str1.4